May 24 10:31:34 varo-VirtualBox systemd-modules-load[198]: Inserted module 'lp'
May 24 10:31:34 varo-VirtualBox systemd[1]: modprobe@drm.service: Deactivated successfully.
May 24 10:31:34 varo-VirtualBox systemd[1]: Finished Load Kernel Module drm.
May 24 10:31:34 varo-VirtualBox systemd[1]: Finished Remount Root and Kernel File Systems.
May 24 10:31:34 varo-VirtualBox systemd-modules-load[198]: Inserted module 'ppdev'
May 24 10:31:34 varo-VirtualBox systemd-modules-load[198]: Inserted module 'parport_pc'
May 24 10:31:34 varo-VirtualBox systemd[1]: Activating swap /swapfile...
May 24 10:31:34 varo-VirtualBox systemd[1]: Starting Flush Journal to Persistent Storage...
May 24 10:31:34 varo-VirtualBox systemd[1]: Condition check resulted in Platform Persistent Storage Archival being skipped.
May 24 10:31:34 varo-VirtualBox systemd[1]: Starting Load/Save Random Seed...
May 24 10:31:34 varo-VirtualBox systemd[1]: Starting Create System Users...
May 24 10:31:34 varo-VirtualBox systemd-modules-load[198]: Inserted module 'msr'
May 24 10:31:34 varo-VirtualBox systemd-modules-load[198]: Module 'fuse' is built in
May 24 10:31:34 varo-VirtualBox systemd[1]: Activated swap /swapfile.
May 24 10:31:34 varo-VirtualBox systemd[1]: Reached target Swaps.
May 24 10:31:34 varo-VirtualBox systemd[1]: Finished Load/Save Random Seed.
May 24 10:31:34 varo-VirtualBox systemd[1]: Condition check resulted in First Boot Complete being skipped.
May 24 10:31:34 varo-VirtualBox systemd[1]: Finished Create System Users.
May 24 10:31:34 varo-VirtualBox systemd[1]: Starting Create Static Device Nodes in /dev...
May 24 10:31:34 varo-VirtualBox systemd[1]: Finished Set the console keyboard layout.
May 24 10:31:34 varo-VirtualBox systemd[1]: Finished Coldplug All udev Devices.
May 24 10:31:34 varo-VirtualBox systemd[1]: Finished Flush Journal to Persistent Storage.
May 24 10:31:34 varo-VirtualBox systemd[1]: Finished Create Static Device Nodes in /dev.
May 24 10:31:34 varo-VirtualBox systemd[1]: Reached target Preparation for Local File Systems.
May 24 10:31:34 varo-VirtualBox systemd[1]: Mounting Mount unit for bare, revision 5...
May 24 10:31:34 varo-VirtualBox systemd[1]: Mounting Mount unit for core22, revision 1122...
May 24 10:31:34 varo-VirtualBox systemd[1]: Mounting Mount unit for firefox, revision 3836...
May 24 10:31:34 varo-VirtualBox systemd[1]: Mounting Mount unit for gnome-42-2204, revision 141...
May 24 10:31:34 varo-VirtualBox systemd[1]: Mounting Mount unit for gtk-common-themes, revision 1535...
May 24 10:31:34 varo-VirtualBox systemd[1]: Mounting Mount unit for snap-store, revision 959...
May 24 10:31:34 varo-VirtualBox systemd[1]: Mounting Mount unit for snapd, revision 20671...
May 24 10:31:34 varo-VirtualBox systemd-modules-load[198]: Inserted module 'vmwgfx'
May 24 10:31:34 varo-VirtualBox systemd[1]: Mounting Mount unit for snapd-desktop-integration, revision 83...
May 24 10:31:34 varo-VirtualBox systemd[1]: Starting Rule-based Manager for Device Events and Files...
May 24 10:31:34 varo-VirtualBox systemd[1]: Finished Load Kernel Modules.
May 24 10:31:34 varo-VirtualBox systemd[1]: Mounted Mount unit for bare, revision 5.
May 24 10:31:34 varo-VirtualBox systemd[1]: Mounted Mount unit for core22, revision 1122.
May 24 10:31:34 varo-VirtualBox systemd[1]: Mounted Mount unit for firefox, revision 3836.
May 24 10:31:34 varo-VirtualBox systemd[1]: Mounted Mount unit for gnome-42-2204, revision 141.
May 24 10:31:34 varo-VirtualBox systemd[1]: Mounted Mount unit for gtk-common-themes, revision 1535.
May 24 10:31:34 varo-VirtualBox systemd[1]: Mounted Mount unit for snap-store, revision 959.
May 24 10:31:34 varo-VirtualBox systemd[1]: Mounted Mount unit for snapd, revision 20671.
May 24 10:31:34 varo-VirtualBox systemd[1]: Starting Apply Kernel Variables...
May 24 10:31:34 varo-VirtualBox systemd[1]: Mounted Mount unit for snapd-desktop-integration, revision 83.
May 24 10:31:34 varo-VirtualBox systemd[1]: Reached target Mounted snaps.
May 24 10:31:34 varo-VirtualBox systemd[1]: Finished Apply Kernel Variables.
May 24 10:31:34 varo-VirtualBox systemd[1]: Started Rule-based Manager for Device Events and Files.
May 24 10:31:34 varo-VirtualBox systemd[1]: Starting Show Plymouth Boot Screen...
May 24 10:31:34 varo-VirtualBox systemd[1]: Received SIGRTMIN+20 from PID 253 (plymouthd).
May 24 10:31:34 varo-VirtualBox systemd[1]: Started Show Plymouth Boot Screen.
May 24 10:31:34 varo-VirtualBox systemd[1]: Condition check resulted in Dispatch Password Requests to Console Directory Watch being skipped.
May 24 10:31:34 varo-VirtualBox systemd[1]: Started Forward Password Requests to Plymouth Directory Watch.
May 24 10:31:34 varo-VirtualBox systemd[1]: Reached target Local Encrypted Volumes.
May 24 10:31:34 varo-VirtualBox systemd-udevd[239]: Using default interface naming scheme 'v249'.
May 24 10:31:34 varo-VirtualBox mtp-probe: checking bus 1, device 2: "/sys/devices/pci0000:00/0000:00:06.0/usb1/1-1"
May 24 10:31:34 varo-VirtualBox mtp-probe: bus: 1, device: 2 was not an MTP device
May 24 10:31:34 varo-VirtualBox systemd-udevd[250]: sda: Process '/usr/bin/unshare -m /usr/bin/snap auto-import --mount=/dev/sda' failed with exit code 1.
May 24 10:31:34 varo-VirtualBox systemd-udevd[238]: sda3: Process '/usr/bin/unshare -m /usr/bin/snap auto-import --mount=/dev/sda3' failed with exit code 1.
May 24 10:31:34 varo-VirtualBox systemd-udevd[250]: sda1: Process '/usr/bin/unshare -m /usr/bin/snap auto-import --mount=/dev/sda1' failed with exit code 1.
May 24 10:31:34 varo-VirtualBox systemd-udevd[251]: sda2: Process '/usr/bin/unshare -m /usr/bin/snap auto-import --mount=/dev/sda2' failed with exit code 1.
May 24 10:31:34 varo-VirtualBox systemd[1]: Found device VBOX_HARDDISK EFI\x20System\x20Partition.
May 24 10:31:34 varo-VirtualBox systemd[1]: Starting File System Check on /dev/disk/by-uuid/410B-7FF9...
May 24 10:31:34 varo-VirtualBox systemd[1]: Listening on Load/Save RF Kill Switch Status /dev/rfkill Watch.
May 24 10:31:34 varo-VirtualBox systemd[1]: Started File System Check Daemon to report status.
May 24 10:31:34 varo-VirtualBox systemd-fsck[304]: fsck.fat 4.2 (2021-01-31)
May 24 10:31:34 varo-VirtualBox systemd-fsck[304]: /dev/sda2: 11 files, 1555/131063 clusters
May 24 10:31:34 varo-VirtualBox systemd[1]: Finished File System Check on /dev/disk/by-uuid/410B-7FF9.
May 24 10:31:34 varo-VirtualBox systemd[1]: Mounting /boot/efi...
May 24 10:31:34 varo-VirtualBox systemd-udevd[244]: sr0: Process '/usr/bin/unshare -m /usr/bin/snap auto-import --mount=/dev/sr0' failed with exit code 1.
May 24 10:31:34 varo-VirtualBox systemd[1]: Mounted /boot/efi.
May 24 10:31:34 varo-VirtualBox systemd[1]: Reached target Local File Systems.
May 24 10:31:34 varo-VirtualBox systemd[1]: Starting Load AppArmor profiles...
May 24 10:31:34 varo-VirtualBox systemd[1]: Starting Set console font and keymap...
May 24 10:31:34 varo-VirtualBox systemd[1]: Starting Tell Plymouth To Write Out Runtime Data...
May 24 10:31:34 varo-VirtualBox systemd[1]: Starting Set Up Additional Binary Formats...
May 24 10:31:34 varo-VirtualBox systemd[1]: Condition check resulted in Store a System Token in an EFI Variable being skipped.
May 24 10:31:34 varo-VirtualBox systemd[1]: Starting Commit a transient machine-id on disk...
May 24 10:31:34 varo-VirtualBox systemd[1]: Starting Create Volatile Files and Directories...
May 24 10:31:34 varo-VirtualBox systemd[1]: Starting Uncomplicated firewall...
May 24 10:31:34 varo-VirtualBox systemd[1]: Finished Set console font and keymap.
May 24 10:31:34 varo-VirtualBox systemd[1]: Finished Tell Plymouth To Write Out Runtime Data.
May 24 10:31:34 varo-VirtualBox systemd[1]: Received SIGRTMIN+20 from PID 253 (plymouthd).
May 24 10:31:34 varo-VirtualBox apparmor.systemd[314]: Restarting AppArmor
May 24 10:31:34 varo-VirtualBox apparmor.systemd[314]: Reloading AppArmor profiles
May 24 10:31:34 varo-VirtualBox systemd[1]: Finished Commit a transient machine-id on disk.
May 24 10:31:34 varo-VirtualBox systemd[1]: Finished Create Volatile Files and Directories.
May 24 10:31:34 varo-VirtualBox systemd[1]: Finished Uncomplicated firewall.
May 24 10:31:34 varo-VirtualBox systemd[1]: Reached target Preparation for Network.
May 24 10:31:34 varo-VirtualBox systemd[1]: Starting Userspace Out-Of-Memory (OOM) Killer...
May 24 10:31:34 varo-VirtualBox systemd[1]: Starting Network Name Resolution...
May 24 10:31:34 varo-VirtualBox systemd[1]: Starting Network Time Synchronization...
May 24 10:31:34 varo-VirtualBox systemd[1]: Starting Record System Boot/Shutdown in UTMP...
May 24 10:31:34 varo-VirtualBox systemd[1]: proc-sys-fs-binfmt_misc.automount: Got automount request for /proc/sys/fs/binfmt_misc, triggered by 320 (systemd-binfmt)
May 24 10:31:34 varo-VirtualBox systemd[1]: Mounting Arbitrary Executable File Formats File System...
May 24 10:31:34 varo-VirtualBox systemd[1]: Finished Record System Boot/Shutdown in UTMP.
May 24 10:31:34 varo-VirtualBox systemd[1]: etc-machine\x2did.mount: Deactivated successfully.
May 24 10:31:34 varo-VirtualBox systemd[1]: Mounted Arbitrary Executable File Formats File System.
May 24 10:31:34 varo-VirtualBox systemd[1]: Finished Set Up Additional Binary Formats.
May 24 10:31:34 varo-VirtualBox systemd[1]: Started Userspace Out-Of-Memory (OOM) Killer.
May 24 10:31:34 varo-VirtualBox systemd[1]: Started Network Time Synchronization.
May 24 10:31:34 varo-VirtualBox systemd[1]: Reached target System Time Set.
May 24 10:31:34 varo-VirtualBox systemd-resolved[349]: Positive Trust Anchors:
May 24 10:31:34 varo-VirtualBox systemd-resolved[349]: . IN DS 20326 8 2 e06d44b80b8f1d39a95c0b0d7c65d08458e880409bbc683457104237c7f8ec8d
May 24 10:31:34 varo-VirtualBox systemd-resolved[349]: Negative trust anchors: home.arpa 10.in-addr.arpa 16.172.in-addr.arpa 17.172.in-addr.arpa 18.172.in-addr.arpa 19.172.in-addr.arpa 20.172.in-addr.arpa 21.172.in-addr.arpa 22.172.in-addr.arpa 23.172.in-addr.arpa 24.172.in-addr.arpa 25.172.in-addr.arpa 26.172.in-addr.arpa 27.172.in-addr.arpa 28.172.in-addr.arpa 29.172.in-addr.arpa 30.172.in-addr.arpa 31.172.in-addr.arpa 168.192.in-addr.arpa d.f.ip6.arpa corp home internal intranet lan local private test
May 24 10:31:34 varo-VirtualBox systemd-resolved[349]: Using system hostname 'varo-VirtualBox'.
May 24 10:31:34 varo-VirtualBox systemd[1]: Started Network Name Resolution.
May 24 10:31:34 varo-VirtualBox systemd[1]: Reached target Host and Network Name Lookups.
May 24 10:31:34 varo-VirtualBox systemd-udevd[250]: controlC0: Process '/usr/sbin/alsactl -E HOME=/run/alsa -E XDG_RUNTIME_DIR=/run/alsa/runtime restore 0' failed with exit code 99.
May 24 10:31:34 varo-VirtualBox systemd[1]: Condition check resulted in Dispatch Password Requests to Console Directory Watch being skipped.
May 24 10:31:34 varo-VirtualBox systemd[1]: Starting Load Kernel Module efi_pstore...
May 24 10:31:34 varo-VirtualBox systemd[1]: Condition check resulted in Store a System Token in an EFI Variable being skipped.
May 24 10:31:34 varo-VirtualBox systemd[1]: modprobe@efi_pstore.service: Deactivated successfully.
May 24 10:31:34 varo-VirtualBox systemd[1]: Finished Load Kernel Module efi_pstore.
May 24 10:31:34 varo-VirtualBox systemd[1]: Condition check resulted in Platform Persistent Storage Archival being skipped.
May 24 10:31:34 varo-VirtualBox apparmor.systemd[480]: Skipping profile in /etc/apparmor.d/disable: usr.sbin.rsyslogd
May 24 10:31:34 varo-VirtualBox systemd[1]: Finished Load AppArmor profiles.
May 24 10:31:34 varo-VirtualBox systemd[1]: Starting Load AppArmor profiles managed internally by snapd...
May 24 10:31:34 varo-VirtualBox systemd[1]: Condition check resulted in Authentication service for virtual machines hosted on VMware being skipped.
May 24 10:31:34 varo-VirtualBox systemd[1]: Condition check resulted in Service for virtual machines hosted on VMware being skipped.
May 24 10:31:34 varo-VirtualBox snapd-apparmor[481]: main.go:124: Loading profiles [/var/lib/snapd/apparmor/profiles/snap-confine.snapd.20671 /var/lib/snapd/apparmor/profiles/snap-update-ns.firefox /var/lib/snapd/apparmor/profiles/snap-update-ns.snap-store /var/lib/snapd/apparmor/profiles/snap-update-ns.snapd-desktop-integration /var/lib/snapd/apparmor/profiles/snap.firefox.firefox /var/lib/snapd/apparmor/profiles/snap.firefox.geckodriver /var/lib/snapd/apparmor/profiles/snap.firefox.hook.configure /var/lib/snapd/apparmor/profiles/snap.firefox.hook.connect-plug-host-hunspell /var/lib/snapd/apparmor/profiles/snap.firefox.hook.disconnect-plug-host-hunspell /var/lib/snapd/apparmor/profiles/snap.firefox.hook.post-refresh /var/lib/snapd/apparmor/profiles/snap.snap-store.hook.configure /var/lib/snapd/apparmor/profiles/snap.snap-store.snap-store /var/lib/snapd/apparmor/profiles/snap.snap-store.ubuntu-software /var/lib/snapd/apparmor/profiles/snap.snap-store.ubuntu-software-local-file /var/lib/snapd/apparmor/profiles/snap.snapd-desktop-integration.hook.configure /var/lib/snapd/apparmor/profiles/snap.snapd-desktop-integration.snapd-desktop-integration]
May 24 10:31:34 varo-VirtualBox systemd[1]: Finished Load AppArmor profiles managed internally by snapd.
May 24 10:31:34 varo-VirtualBox systemd[1]: Reached target System Initialization.
May 24 10:31:34 varo-VirtualBox systemd[1]: Started ACPI Events Check.
May 24 10:31:34 varo-VirtualBox systemd[1]: Condition check resulted in Process error reports when automatic reporting is enabled (file watch) being skipped.
May 24 10:31:34 varo-VirtualBox systemd[1]: Started CUPS Scheduler.
May 24 10:31:34 varo-VirtualBox systemd[1]: Started Start whoopsie on modification of the /var/crash directory.
May 24 10:31:34 varo-VirtualBox systemd[1]: Started Trigger anacron every hour.
May 24 10:31:34 varo-VirtualBox systemd[1]: Condition check resulted in Process error reports when automatic reporting is enabled (timer based) being skipped.
May 24 10:31:34 varo-VirtualBox systemd[1]: Started Daily apt download activities.
May 24 10:31:34 varo-VirtualBox systemd[1]: Started Daily apt upgrade and clean activities.
May 24 10:31:34 varo-VirtualBox systemd[1]: Started Daily dpkg database backup timer.
May 24 10:31:34 varo-VirtualBox systemd[1]: Started Periodic ext4 Online Metadata Check for All Filesystems.
May 24 10:31:34 varo-VirtualBox systemd[1]: Started Discard unused blocks once a week.
May 24 10:31:34 varo-VirtualBox systemd[1]: Started Refresh fwupd metadata regularly.
May 24 10:31:34 varo-VirtualBox systemd[1]: Started Daily rotation of log files.
May 24 10:31:34 varo-VirtualBox systemd[1]: Started Daily man-db regeneration.
May 24 10:31:34 varo-VirtualBox systemd[1]: Started Message of the Day.
May 24 10:31:34 varo-VirtualBox systemd[1]: Condition check resulted in Timer to automatically fetch and run repair assertions being skipped.
May 24 10:31:34 varo-VirtualBox systemd[1]: Started Daily Cleanup of Temporary Directories.
May 24 10:31:34 varo-VirtualBox systemd[1]: Condition check resulted in Ubuntu Pro Timer for running repeated jobs being skipped.
May 24 10:31:34 varo-VirtualBox systemd[1]: Reached target Path Units.
May 24 10:31:34 varo-VirtualBox systemd[1]: Listening on ACPID Listen Socket.
May 24 10:31:34 varo-VirtualBox systemd[1]: Condition check resulted in Unix socket for apport crash forwarding being skipped.
May 24 10:31:34 varo-VirtualBox systemd[1]: Listening on Avahi mDNS/DNS-SD Stack Activation Socket.
May 24 10:31:34 varo-VirtualBox systemd[1]: Listening on CUPS Scheduler.
May 24 10:31:34 varo-VirtualBox systemd[1]: Listening on D-Bus System Message Bus Socket.
May 24 10:31:34 varo-VirtualBox systemd[1]: Starting Socket activation for snappy daemon...
May 24 10:31:34 varo-VirtualBox systemd[1]: Listening on UUID daemon activation socket.
May 24 10:31:34 varo-VirtualBox systemd[1]: Listening on Socket activation for snappy daemon.
May 24 10:31:34 varo-VirtualBox systemd[1]: Reached target Socket Units.
May 24 10:31:34 varo-VirtualBox systemd[1]: Reached target Basic System.
May 24 10:31:34 varo-VirtualBox systemd[1]: Starting Accounts Service...
May 24 10:31:34 varo-VirtualBox systemd[1]: Started ACPI event daemon.
May 24 10:31:34 varo-VirtualBox systemd[1]: Started Run anacron jobs.
May 24 10:31:34 varo-VirtualBox systemd[1]: Starting LSB: automatic crash report generation...
May 24 10:31:34 varo-VirtualBox systemd[1]: Starting Avahi mDNS/DNS-SD Stack...
May 24 10:31:34 varo-VirtualBox systemd[1]: Started Regular background program processing daemon.
May 24 10:31:34 varo-VirtualBox systemd[1]: Started D-Bus System Message Bus.
May 24 10:31:34 varo-VirtualBox systemd[1]: Starting Network Manager...
May 24 10:31:34 varo-VirtualBox systemd[1]: Started Save initial kernel messages after boot.
May 24 10:31:34 varo-VirtualBox systemd[1]: Starting Remove Stale Online ext4 Metadata Check Snapshots...
May 24 10:31:34 varo-VirtualBox systemd[1]: Condition check resulted in getty on tty2-tty6 if dbus and logind are not available being skipped.
May 24 10:31:34 varo-VirtualBox systemd[1]: Reached target Login Prompts.
May 24 10:31:34 varo-VirtualBox systemd[1]: Starting Detect the available GPUs and deal with any system changes...
May 24 10:31:34 varo-VirtualBox anacron[512]: Anacron 2.3 started on 2024-05-24
May 24 10:31:34 varo-VirtualBox avahi-daemon[514]: Found user 'avahi' (UID 114) and group 'avahi' (GID 121).
May 24 10:31:34 varo-VirtualBox anacron[512]: Will run job `cron.daily' in 5 min.
May 24 10:31:34 varo-VirtualBox anacron[512]: Will run job `cron.weekly' in 10 min.
May 24 10:31:34 varo-VirtualBox anacron[512]: Will run job `cron.monthly' in 15 min.
May 24 10:31:34 varo-VirtualBox anacron[512]: Jobs will be executed sequentially
May 24 10:31:34 varo-VirtualBox systemd[1]: Starting Record successful boot for GRUB...
May 24 10:31:34 varo-VirtualBox systemd[1]: Started irqbalance daemon.
May 24 10:31:34 varo-VirtualBox systemd[1]: Starting Dispatcher daemon for systemd-networkd...
May 24 10:31:34 varo-VirtualBox cron[515]: (CRON) INFO (pidfile fd = 3)
May 24 10:31:34 varo-VirtualBox systemd[1]: Starting Authorization Manager...
May 24 10:31:34 varo-VirtualBox cron[515]: (CRON) INFO (Running @reboot jobs)
May 24 10:31:34 varo-VirtualBox systemd[1]: Starting Power Profiles daemon...
May 24 10:31:34 varo-VirtualBox dbus-daemon[516]: dbus[516]: Unknown group "power" in message bus configuration file
May 24 10:31:34 varo-VirtualBox systemd[1]: Starting System Logging Service...
May 24 10:31:34 varo-VirtualBox systemd[1]: Condition check resulted in Secure Boot updates for DB and DBX being skipped.
May 24 10:31:34 varo-VirtualBox systemd[1]: Started Userspace listener for prompt events.
May 24 10:31:34 varo-VirtualBox systemd[1]: Condition check resulted in Automatically repair incorrect owner/permissions on core devices being skipped.
May 24 10:31:34 varo-VirtualBox systemd[1]: Condition check resulted in Wait for the Ubuntu Core chooser trigger being skipped.
May 24 10:31:34 varo-VirtualBox systemd[1]: Reached target Preparation for Logins.
May 24 10:31:34 varo-VirtualBox systemd[1]: Starting Snap Daemon...
May 24 10:31:34 varo-VirtualBox systemd[1]: Starting Switcheroo Control Proxy service...
May 24 10:31:34 varo-VirtualBox dbus-daemon[516]: [system] AppArmor D-Bus mediation is enabled
May 24 10:31:34 varo-VirtualBox polkitd[538]: started daemon version 0.105 using authority implementation `local' version `0.105'
May 24 10:31:34 varo-VirtualBox systemd[1]: Starting User Login Management...
May 24 10:31:34 varo-VirtualBox systemd[1]: Condition check resulted in Thermal Daemon Service being skipped.
May 24 10:31:34 varo-VirtualBox systemd[1]: Condition check resulted in Ubuntu Pro reboot cmds being skipped.
May 24 10:31:34 varo-VirtualBox NetworkManager[518]: <info>  [1716539494.4898] NetworkManager (version 1.36.6) is starting... (for the first time)
May 24 10:31:34 varo-VirtualBox NetworkManager[518]: <info>  [1716539494.4899] Read config: /etc/NetworkManager/NetworkManager.conf (lib: 10-dns-resolved.conf, 20-connectivity-ubuntu.conf, no-mac-addr-change.conf) (run: 10-globally-managed-devices.conf) (etc: default-wifi-powersave-on.conf)
May 24 10:31:34 varo-VirtualBox systemd[1]: Starting Disk Manager...
May 24 10:31:34 varo-VirtualBox NetworkManager[518]: <info>  [1716539494.4952] bus-manager: acquired D-Bus service "org.freedesktop.NetworkManager"
May 24 10:31:34 varo-VirtualBox NetworkManager[518]: <info>  [1716539494.5120] manager[0x5d7bba3e4000]: monitoring kernel firmware directory '/lib/firmware'.
May 24 10:31:34 varo-VirtualBox NetworkManager[518]: <info>  [1716539494.5121] monitoring ifupdown state file '/run/network/ifstate'.
May 24 10:31:34 varo-VirtualBox dbus-daemon[516]: [system] Activating systemd to hand-off: service name='org.freedesktop.hostname1' unit='dbus-org.freedesktop.hostname1.service' requested by ':1.4' (uid=0 pid=518 comm="/usr/sbin/NetworkManager --no-daemon " label="unconfined")
May 24 10:31:34 varo-VirtualBox systemd[1]: Starting WPA supplicant...
May 24 10:31:34 varo-VirtualBox kernel: [    0.000000] Linux version 6.5.0-35-generic (buildd@lcy02-amd64-079) (x86_64-linux-gnu-gcc-12 (Ubuntu 12.3.0-1ubuntu1~22.04) 12.3.0, GNU ld (GNU Binutils for Ubuntu) 2.38) #35~22.04.1-Ubuntu SMP PREEMPT_DYNAMIC Tue May  7 09:00:52 UTC 2 (Ubuntu 6.5.0-35.35~22.04.1-generic 6.5.13)
May 24 10:31:34 varo-VirtualBox kernel: [    0.000000] Command line: BOOT_IMAGE=/boot/vmlinuz-6.5.0-35-generic root=UUID=fbb3a243-9db7-41c8-a218-95603775e6ba ro quiet splash
May 24 10:31:34 varo-VirtualBox kernel: [    0.000000] KERNEL supported cpus:
May 24 10:31:34 varo-VirtualBox kernel: [    0.000000]   Intel GenuineIntel
May 24 10:31:34 varo-VirtualBox kernel: [    0.000000]   AMD AuthenticAMD
May 24 10:31:34 varo-VirtualBox kernel: [    0.000000]   Hygon HygonGenuine
May 24 10:31:34 varo-VirtualBox kernel: [    0.000000]   Centaur CentaurHauls
May 24 10:31:34 varo-VirtualBox kernel: [    0.000000]   zhaoxin   Shanghai  
May 24 10:31:34 varo-VirtualBox kernel: [    0.000000] BIOS-provided physical RAM map:
May 24 10:31:34 varo-VirtualBox kernel: [    0.000000] BIOS-e820: [mem 0x0000000000000000-0x000000000009fbff] usable
May 24 10:31:34 varo-VirtualBox kernel: [    0.000000] BIOS-e820: [mem 0x000000000009fc00-0x000000000009ffff] reserved
May 24 10:31:34 varo-VirtualBox kernel: [    0.000000] BIOS-e820: [mem 0x00000000000f0000-0x00000000000fffff] reserved
May 24 10:31:34 varo-VirtualBox kernel: [    0.000000] BIOS-e820: [mem 0x0000000000100000-0x00000000dffeffff] usable
May 24 10:31:34 varo-VirtualBox kernel: [    0.000000] BIOS-e820: [mem 0x00000000dfff0000-0x00000000dfffffff] ACPI data
May 24 10:31:34 varo-VirtualBox kernel: [    0.000000] BIOS-e820: [mem 0x00000000fec00000-0x00000000fec00fff] reserved
May 24 10:31:34 varo-VirtualBox kernel: [    0.000000] BIOS-e820: [mem 0x00000000fee00000-0x00000000fee00fff] reserved
May 24 10:31:34 varo-VirtualBox kernel: [    0.000000] BIOS-e820: [mem 0x00000000fffc0000-0x00000000ffffffff] reserved
May 24 10:31:34 varo-VirtualBox kernel: [    0.000000] BIOS-e820: [mem 0x0000000100000000-0x000000011fffffff] usable
May 24 10:31:34 varo-VirtualBox kernel: [    0.000000] NX (Execute Disable) protection: active
May 24 10:31:34 varo-VirtualBox kernel: [    0.000000] SMBIOS 2.5 present.
May 24 10:31:34 varo-VirtualBox kernel: [    0.000000] DMI: innotek GmbH VirtualBox/VirtualBox, BIOS VirtualBox 12/01/2006
May 24 10:31:34 varo-VirtualBox kernel: [    0.000000] Hypervisor detected: KVM
May 24 10:31:34 varo-VirtualBox kernel: [    0.000000] kvm-clock: Using msrs 4b564d01 and 4b564d00
May 24 10:31:34 varo-VirtualBox kernel: [    0.000002] kvm-clock: using sched offset of 4241131319 cycles
May 24 10:31:34 varo-VirtualBox kernel: [    0.000004] clocksource: kvm-clock: mask: 0xffffffffffffffff max_cycles: 0x1cd42e4dffb, max_idle_ns: 881590591483 ns
May 24 10:31:34 varo-VirtualBox kernel: [    0.000007] tsc: Detected 2904.006 MHz processor
May 24 10:31:34 varo-VirtualBox kernel: [    0.001183] e820: update [mem 0x00000000-0x00000fff] usable ==> reserved
May 24 10:31:34 varo-VirtualBox kernel: [    0.001186] e820: remove [mem 0x000a0000-0x000fffff] usable
May 24 10:31:34 varo-VirtualBox kernel: [    0.001191] last_pfn = 0x120000 max_arch_pfn = 0x400000000
May 24 10:31:34 varo-VirtualBox kernel: [    0.001196] MTRRs disabled by BIOS
May 24 10:31:34 varo-VirtualBox kernel: [    0.001199] x86/PAT: Configuration [0-7]: WB  WC  UC- UC  WB  WP  UC- WT  
May 24 10:31:34 varo-VirtualBox kernel: [    0.001217] last_pfn = 0xdfff0 max_arch_pfn = 0x400000000
May 24 10:31:34 varo-VirtualBox kernel: [    0.001272] found SMP MP-table at [mem 0x0009fff0-0x0009ffff]
May 24 10:31:34 varo-VirtualBox kernel: [    0.001502] RAMDISK: [mem 0x2f9f1000-0x33ceffff]
May 24 10:31:34 varo-VirtualBox kernel: [    0.001508] ACPI: Early table checksum verification disabled
May 24 10:31:34 varo-VirtualBox kernel: [    0.001511] ACPI: RSDP 0x00000000000E0000 000024 (v02 VBOX  )
May 24 10:31:34 varo-VirtualBox kernel: [    0.001515] ACPI: XSDT 0x00000000DFFF0030 00003C (v01 VBOX   VBOXXSDT 00000001 ASL  00000061)
May 24 10:31:34 varo-VirtualBox kernel: [    0.001521] ACPI: FACP 0x00000000DFFF00F0 0000F4 (v04 VBOX   VBOXFACP 00000001 ASL  00000061)
May 24 10:31:34 varo-VirtualBox kernel: [    0.001526] ACPI: DSDT 0x00000000DFFF0610 002353 (v02 VBOX   VBOXBIOS 00000002 INTL 20100528)
May 24 10:31:34 varo-VirtualBox kernel: [    0.001530] ACPI: FACS 0x00000000DFFF0200 000040
May 24 10:31:34 varo-VirtualBox kernel: [    0.001532] ACPI: FACS 0x00000000DFFF0200 000040
May 24 10:31:34 varo-VirtualBox kernel: [    0.001535] ACPI: APIC 0x00000000DFFF0240 00005C (v02 VBOX   VBOXAPIC 00000001 ASL  00000061)
May 24 10:31:34 varo-VirtualBox kernel: [    0.001539] ACPI: SSDT 0x00000000DFFF02A0 00036C (v01 VBOX   VBOXCPUT 00000002 INTL 20100528)
May 24 10:31:34 varo-VirtualBox kernel: [    0.001541] ACPI: Reserving FACP table memory at [mem 0xdfff00f0-0xdfff01e3]
May 24 10:31:34 varo-VirtualBox kernel: [    0.001542] ACPI: Reserving DSDT table memory at [mem 0xdfff0610-0xdfff2962]
May 24 10:31:34 varo-VirtualBox kernel: [    0.001543] ACPI: Reserving FACS table memory at [mem 0xdfff0200-0xdfff023f]
May 24 10:31:34 varo-VirtualBox kernel: [    0.001544] ACPI: Reserving FACS table memory at [mem 0xdfff0200-0xdfff023f]
May 24 10:31:34 varo-VirtualBox kernel: [    0.001544] ACPI: Reserving APIC table memory at [mem 0xdfff0240-0xdfff029b]
May 24 10:31:34 varo-VirtualBox kernel: [    0.001545] ACPI: Reserving SSDT table memory at [mem 0xdfff02a0-0xdfff060b]
May 24 10:31:34 varo-VirtualBox kernel: [    0.001788] No NUMA configuration found
May 24 10:31:34 varo-VirtualBox kernel: [    0.001789] Faking a node at [mem 0x0000000000000000-0x000000011fffffff]
May 24 10:31:34 varo-VirtualBox kernel: [    0.001797] NODE_DATA(0) allocated [mem 0x11ffd1000-0x11fffbfff]
May 24 10:31:34 varo-VirtualBox kernel: [    0.001946] Zone ranges:
May 24 10:31:34 varo-VirtualBox kernel: [    0.001947]   DMA      [mem 0x0000000000001000-0x0000000000ffffff]
May 24 10:31:34 varo-VirtualBox kernel: [    0.001949]   DMA32    [mem 0x0000000001000000-0x00000000ffffffff]
May 24 10:31:34 varo-VirtualBox kernel: [    0.001950]   Normal   [mem 0x0000000100000000-0x000000011fffffff]
May 24 10:31:34 varo-VirtualBox kernel: [    0.001951]   Device   empty
May 24 10:31:34 varo-VirtualBox kernel: [    0.001952] Movable zone start for each node
May 24 10:31:34 varo-VirtualBox kernel: [    0.001954] Early memory node ranges
May 24 10:31:34 varo-VirtualBox kernel: [    0.001954]   node   0: [mem 0x0000000000001000-0x000000000009efff]
May 24 10:31:34 varo-VirtualBox kernel: [    0.001955]   node   0: [mem 0x0000000000100000-0x00000000dffeffff]
May 24 10:31:34 varo-VirtualBox kernel: [    0.001956]   node   0: [mem 0x0000000100000000-0x000000011fffffff]
May 24 10:31:34 varo-VirtualBox kernel: [    0.001957] Initmem setup node 0 [mem 0x0000000000001000-0x000000011fffffff]
May 24 10:31:34 varo-VirtualBox kernel: [    0.001963] On node 0, zone DMA: 1 pages in unavailable ranges
May 24 10:31:34 varo-VirtualBox kernel: [    0.001982] On node 0, zone DMA: 97 pages in unavailable ranges
May 24 10:31:34 varo-VirtualBox kernel: [    0.008056] On node 0, zone Normal: 16 pages in unavailable ranges
May 24 10:31:34 varo-VirtualBox kernel: [    0.008374] ACPI: PM-Timer IO Port: 0x4008
May 24 10:31:34 varo-VirtualBox kernel: [    0.008413] IOAPIC[0]: apic_id 2, version 32, address 0xfec00000, GSI 0-23
May 24 10:31:34 varo-VirtualBox kernel: [    0.008417] ACPI: INT_SRC_OVR (bus 0 bus_irq 0 global_irq 2 dfl dfl)
May 24 10:31:34 varo-VirtualBox kernel: [    0.008418] ACPI: INT_SRC_OVR (bus 0 bus_irq 9 global_irq 9 low level)
May 24 10:31:34 varo-VirtualBox kernel: [    0.008423] ACPI: Using ACPI (MADT) for SMP configuration information
May 24 10:31:34 varo-VirtualBox kernel: [    0.008427] smpboot: Allowing 2 CPUs, 0 hotplug CPUs
May 24 10:31:34 varo-VirtualBox kernel: [    0.008441] PM: hibernation: Registered nosave memory: [mem 0x00000000-0x00000fff]
May 24 10:31:34 varo-VirtualBox kernel: [    0.008443] PM: hibernation: Registered nosave memory: [mem 0x0009f000-0x0009ffff]
May 24 10:31:34 varo-VirtualBox kernel: [    0.008443] PM: hibernation: Registered nosave memory: [mem 0x000a0000-0x000effff]
May 24 10:31:34 varo-VirtualBox kernel: [    0.008444] PM: hibernation: Registered nosave memory: [mem 0x000f0000-0x000fffff]
May 24 10:31:34 varo-VirtualBox kernel: [    0.008445] PM: hibernation: Registered nosave memory: [mem 0xdfff0000-0xdfffffff]
May 24 10:31:34 varo-VirtualBox kernel: [    0.008446] PM: hibernation: Registered nosave memory: [mem 0xe0000000-0xfebfffff]
May 24 10:31:34 varo-VirtualBox kernel: [    0.008446] PM: hibernation: Registered nosave memory: [mem 0xfec00000-0xfec00fff]
May 24 10:31:34 varo-VirtualBox kernel: [    0.008447] PM: hibernation: Registered nosave memory: [mem 0xfec01000-0xfedfffff]
May 24 10:31:34 varo-VirtualBox kernel: [    0.008447] PM: hibernation: Registered nosave memory: [mem 0xfee00000-0xfee00fff]
May 24 10:31:34 varo-VirtualBox kernel: [    0.008448] PM: hibernation: Registered nosave memory: [mem 0xfee01000-0xfffbffff]
May 24 10:31:34 varo-VirtualBox kernel: [    0.008448] PM: hibernation: Registered nosave memory: [mem 0xfffc0000-0xffffffff]
May 24 10:31:34 varo-VirtualBox kernel: [    0.008450] [mem 0xe0000000-0xfebfffff] available for PCI devices
May 24 10:31:34 varo-VirtualBox kernel: [    0.008450] Booting paravirtualized kernel on KVM
May 24 10:31:34 varo-VirtualBox kernel: [    0.008452] clocksource: refined-jiffies: mask: 0xffffffff max_cycles: 0xffffffff, max_idle_ns: 7645519600211568 ns
May 24 10:31:34 varo-VirtualBox kernel: [    0.008456] setup_percpu: NR_CPUS:8192 nr_cpumask_bits:2 nr_cpu_ids:2 nr_node_ids:1
May 24 10:31:34 varo-VirtualBox kernel: [    0.008715] percpu: Embedded 63 pages/cpu s221184 r8192 d28672 u1048576
May 24 10:31:34 varo-VirtualBox kernel: [    0.008719] pcpu-alloc: s221184 r8192 d28672 u1048576 alloc=1*2097152
May 24 10:31:34 varo-VirtualBox kernel: [    0.008721] pcpu-alloc: [0] 0 1 
May 24 10:31:34 varo-VirtualBox kernel: [    0.008734] kvm-guest: PV spinlocks enabled
May 24 10:31:34 varo-VirtualBox kernel: [    0.008736] PV qspinlock hash table entries: 256 (order: 0, 4096 bytes, linear)
May 24 10:31:34 varo-VirtualBox kernel: [    0.008739] Kernel command line: BOOT_IMAGE=/boot/vmlinuz-6.5.0-35-generic root=UUID=fbb3a243-9db7-41c8-a218-95603775e6ba ro quiet splash
May 24 10:31:34 varo-VirtualBox kernel: [    0.008792] Unknown kernel command line parameters "splash BOOT_IMAGE=/boot/vmlinuz-6.5.0-35-generic", will be passed to user space.
May 24 10:31:34 varo-VirtualBox kernel: [    0.008815] random: crng init done
May 24 10:31:34 varo-VirtualBox kernel: [    0.009181] Dentry cache hash table entries: 524288 (order: 10, 4194304 bytes, linear)
May 24 10:31:34 varo-VirtualBox kernel: [    0.009372] Inode-cache hash table entries: 262144 (order: 9, 2097152 bytes, linear)
May 24 10:31:34 varo-VirtualBox kernel: [    0.009415] Fallback order for Node 0: 0 
May 24 10:31:34 varo-VirtualBox kernel: [    0.009417] Built 1 zonelists, mobility grouping on.  Total pages: 1031920
May 24 10:31:34 varo-VirtualBox kernel: [    0.009418] Policy zone: Normal
May 24 10:31:34 varo-VirtualBox kernel: [    0.009422] mem auto-init: stack:all(zero), heap alloc:on, heap free:off
May 24 10:31:34 varo-VirtualBox kernel: [    0.009426] software IO TLB: area num 2.
May 24 10:31:34 varo-VirtualBox kernel: [    0.031184] Memory: 3924108K/4193848K available (20480K kernel code, 4266K rwdata, 13192K rodata, 4816K init, 17372K bss, 269480K reserved, 0K cma-reserved)
May 24 10:31:34 varo-VirtualBox kernel: [    0.031357] SLUB: HWalign=64, Order=0-3, MinObjects=0, CPUs=2, Nodes=1
May 24 10:31:34 varo-VirtualBox kernel: [    0.031379] ftrace: allocating 55276 entries in 216 pages
May 24 10:31:34 varo-VirtualBox kernel: [    0.039236] ftrace: allocated 216 pages with 4 groups
May 24 10:31:34 varo-VirtualBox kernel: [    0.039890] Dynamic Preempt: voluntary
May 24 10:31:34 varo-VirtualBox kernel: [    0.039912] rcu: Preemptible hierarchical RCU implementation.
May 24 10:31:34 varo-VirtualBox kernel: [    0.039912] rcu: 	RCU restricting CPUs from NR_CPUS=8192 to nr_cpu_ids=2.
May 24 10:31:34 varo-VirtualBox kernel: [    0.039913] 	Trampoline variant of Tasks RCU enabled.
May 24 10:31:34 varo-VirtualBox kernel: [    0.039914] 	Rude variant of Tasks RCU enabled.
May 24 10:31:34 varo-VirtualBox kernel: [    0.039914] 	Tracing variant of Tasks RCU enabled.
May 24 10:31:34 varo-VirtualBox kernel: [    0.039915] rcu: RCU calculated value of scheduler-enlistment delay is 25 jiffies.
May 24 10:31:34 varo-VirtualBox kernel: [    0.039915] rcu: Adjusting geometry for rcu_fanout_leaf=16, nr_cpu_ids=2
May 24 10:31:34 varo-VirtualBox kernel: [    0.042157] NR_IRQS: 524544, nr_irqs: 440, preallocated irqs: 16
May 24 10:31:34 varo-VirtualBox kernel: [    0.042330] rcu: srcu_init: Setting srcu_struct sizes based on contention.
May 24 10:31:34 varo-VirtualBox kernel: [    0.048627] Console: colour VGA+ 80x25
May 24 10:31:34 varo-VirtualBox kernel: [    0.048630] printk: console [tty0] enabled
May 24 10:31:34 varo-VirtualBox kernel: [    0.048656] ACPI: Core revision 20230331
May 24 10:31:34 varo-VirtualBox kernel: [    0.048725] APIC: Switch to symmetric I/O mode setup
May 24 10:31:34 varo-VirtualBox kernel: [    0.048896] x2apic enabled
May 24 10:31:34 varo-VirtualBox kernel: [    0.049061] Switched APIC routing to physical x2apic.
May 24 10:31:34 varo-VirtualBox kernel: [    0.049890] ..TIMER: vector=0x30 apic1=0 pin1=2 apic2=-1 pin2=-1
May 24 10:31:34 varo-VirtualBox kernel: [    0.049908] clocksource: tsc-early: mask: 0xffffffffffffffff max_cycles: 0x29dc0b74fd3, max_idle_ns: 440795242287 ns
May 24 10:31:34 varo-VirtualBox kernel: [    0.049913] Calibrating delay loop (skipped) preset value.. 5808.01 BogoMIPS (lpj=11616024)
May 24 10:31:34 varo-VirtualBox kernel: [    0.050011] Last level iTLB entries: 4KB 64, 2MB 8, 4MB 8
May 24 10:31:34 varo-VirtualBox kernel: [    0.050012] Last level dTLB entries: 4KB 64, 2MB 0, 4MB 0, 1GB 4
May 24 10:31:34 varo-VirtualBox kernel: [    0.050015] Spectre V1 : Mitigation: usercopy/swapgs barriers and __user pointer sanitization
May 24 10:31:34 varo-VirtualBox kernel: [    0.050018] Spectre V2 : Mitigation: Retpolines
May 24 10:31:34 varo-VirtualBox kernel: [    0.050018] Spectre V2 : Spectre v2 / SpectreRSB mitigation: Filling RSB on context switch
May 24 10:31:34 varo-VirtualBox kernel: [    0.050019] Spectre V2 : Spectre v2 / SpectreRSB : Filling RSB on VMEXIT
May 24 10:31:34 varo-VirtualBox kernel: [    0.050019] RETBleed: WARNING: Spectre v2 mitigation leaves CPU vulnerable to RETBleed attacks, data leaks possible!
May 24 10:31:34 varo-VirtualBox kernel: [    0.050257] RETBleed: Vulnerable
May 24 10:31:34 varo-VirtualBox kernel: [    0.050258] Speculative Store Bypass: Vulnerable
May 24 10:31:34 varo-VirtualBox kernel: [    0.050263] MMIO Stale Data: Mitigation: Clear CPU buffers
May 24 10:31:34 varo-VirtualBox kernel: [    0.050264] SRBDS: Unknown: Dependent on hypervisor status
May 24 10:31:34 varo-VirtualBox kernel: [    0.050265] GDS: Unknown: Dependent on hypervisor status
May 24 10:31:34 varo-VirtualBox kernel: [    0.050276] x86/fpu: Supporting XSAVE feature 0x001: 'x87 floating point registers'
May 24 10:31:34 varo-VirtualBox kernel: [    0.050277] x86/fpu: Supporting XSAVE feature 0x002: 'SSE registers'
May 24 10:31:34 varo-VirtualBox kernel: [    0.050277] x86/fpu: Supporting XSAVE feature 0x004: 'AVX registers'
May 24 10:31:34 varo-VirtualBox kernel: [    0.050278] x86/fpu: xstate_offset[2]:  576, xstate_sizes[2]:  256
May 24 10:31:34 varo-VirtualBox kernel: [    0.050279] x86/fpu: Enabled xstate features 0x7, context size is 832 bytes, using 'standard' format.
May 24 10:31:34 varo-VirtualBox kernel: [    0.061911] Freeing SMP alternatives memory: 44K
May 24 10:31:34 varo-VirtualBox kernel: [    0.061911] pid_max: default: 32768 minimum: 301
May 24 10:31:34 varo-VirtualBox kernel: [    0.061911] LSM: initializing lsm=lockdown,capability,landlock,yama,apparmor,integrity
May 24 10:31:34 varo-VirtualBox kernel: [    0.061911] landlock: Up and running.
May 24 10:31:34 varo-VirtualBox kernel: [    0.061911] Yama: becoming mindful.
May 24 10:31:34 varo-VirtualBox kernel: [    0.061911] AppArmor: AppArmor initialized
May 24 10:31:34 varo-VirtualBox kernel: [    0.061911] Mount-cache hash table entries: 8192 (order: 4, 65536 bytes, linear)
May 24 10:31:34 varo-VirtualBox kernel: [    0.061911] Mountpoint-cache hash table entries: 8192 (order: 4, 65536 bytes, linear)
May 24 10:31:34 varo-VirtualBox kernel: [    0.175676] APIC calibration not consistent with PM-Timer: 103ms instead of 100ms
May 24 10:31:34 varo-VirtualBox kernel: [    0.175680] APIC delta adjusted to PM-Timer: 6292651 (6483407)
May 24 10:31:34 varo-VirtualBox kernel: [    0.175748] smpboot: CPU0: Intel(R) Core(TM) i5-10400 CPU @ 2.90GHz (family: 0x6, model: 0xa5, stepping: 0x3)
May 24 10:31:34 varo-VirtualBox kernel: [    0.175884] RCU Tasks: Setting shift to 1 and lim to 1 rcu_task_cb_adjust=1.
May 24 10:31:34 varo-VirtualBox kernel: [    0.175894] RCU Tasks Rude: Setting shift to 1 and lim to 1 rcu_task_cb_adjust=1.
May 24 10:31:34 varo-VirtualBox kernel: [    0.175903] RCU Tasks Trace: Setting shift to 1 and lim to 1 rcu_task_cb_adjust=1.
May 24 10:31:34 varo-VirtualBox kernel: [    0.175912] Performance Events: unsupported p6 CPU model 165 no PMU driver, software events only.
May 24 10:31:34 varo-VirtualBox kernel: [    0.175930] signal: max sigframe size: 1776
May 24 10:31:34 varo-VirtualBox kernel: [    0.175952] rcu: Hierarchical SRCU implementation.
May 24 10:31:34 varo-VirtualBox kernel: [    0.175953] rcu: 	Max phase no-delay instances is 1000.
May 24 10:31:34 varo-VirtualBox kernel: [    0.176184] NMI watchdog: Perf NMI watchdog permanently disabled
May 24 10:31:34 varo-VirtualBox kernel: [    0.176210] smp: Bringing up secondary CPUs ...
May 24 10:31:34 varo-VirtualBox kernel: [    0.176286] smpboot: x86: Booting SMP configuration:
May 24 10:31:34 varo-VirtualBox kernel: [    0.176287] .... node  #0, CPUs:      #1
May 24 10:31:34 varo-VirtualBox kernel: [    0.176438] smp: Brought up 1 node, 2 CPUs
May 24 10:31:34 varo-VirtualBox kernel: [    0.176438] smpboot: Max logical packages: 1
May 24 10:31:34 varo-VirtualBox kernel: [    0.176438] smpboot: Total of 2 processors activated (11616.02 BogoMIPS)
May 24 10:31:34 varo-VirtualBox kernel: [    0.178068] devtmpfs: initialized
May 24 10:31:34 varo-VirtualBox kernel: [    0.178068] x86/mm: Memory block size: 128MB
May 24 10:31:34 varo-VirtualBox kernel: [    0.178272] clocksource: jiffies: mask: 0xffffffff max_cycles: 0xffffffff, max_idle_ns: 7645041785100000 ns
May 24 10:31:34 varo-VirtualBox kernel: [    0.178272] futex hash table entries: 512 (order: 3, 32768 bytes, linear)
May 24 10:31:34 varo-VirtualBox kernel: [    0.178272] pinctrl core: initialized pinctrl subsystem
May 24 10:31:34 varo-VirtualBox kernel: [    0.178272] PM: RTC time: 08:31:25, date: 2024-05-24
May 24 10:31:34 varo-VirtualBox kernel: [    0.178592] NET: Registered PF_NETLINK/PF_ROUTE protocol family
May 24 10:31:34 varo-VirtualBox kernel: [    0.178684] DMA: preallocated 512 KiB GFP_KERNEL pool for atomic allocations
May 24 10:31:34 varo-VirtualBox kernel: [    0.178707] DMA: preallocated 512 KiB GFP_KERNEL|GFP_DMA pool for atomic allocations
May 24 10:31:34 varo-VirtualBox kernel: [    0.178729] DMA: preallocated 512 KiB GFP_KERNEL|GFP_DMA32 pool for atomic allocations
May 24 10:31:34 varo-VirtualBox kernel: [    0.178734] audit: initializing netlink subsys (disabled)
May 24 10:31:34 varo-VirtualBox kernel: [    0.178755] audit: type=2000 audit(1716539489.447:1): state=initialized audit_enabled=0 res=1
May 24 10:31:34 varo-VirtualBox kernel: [    0.178755] thermal_sys: Registered thermal governor 'fair_share'
May 24 10:31:34 varo-VirtualBox kernel: [    0.178755] thermal_sys: Registered thermal governor 'bang_bang'
May 24 10:31:34 varo-VirtualBox kernel: [    0.178755] thermal_sys: Registered thermal governor 'step_wise'
May 24 10:31:34 varo-VirtualBox kernel: [    0.178755] thermal_sys: Registered thermal governor 'user_space'
May 24 10:31:34 varo-VirtualBox kernel: [    0.178755] thermal_sys: Registered thermal governor 'power_allocator'
May 24 10:31:34 varo-VirtualBox kernel: [    0.178755] EISA bus registered
May 24 10:31:34 varo-VirtualBox kernel: [    0.178755] cpuidle: using governor ladder
May 24 10:31:34 varo-VirtualBox kernel: [    0.178755] cpuidle: using governor menu
May 24 10:31:34 varo-VirtualBox kernel: [    0.178755] acpiphp: ACPI Hot Plug PCI Controller Driver version: 0.5
May 24 10:31:34 varo-VirtualBox kernel: [    0.178755] PCI: Using configuration type 1 for base access
May 24 10:31:34 varo-VirtualBox kernel: [    0.178755] kprobes: kprobe jump-optimization is enabled. All kprobes are optimized if possible.
May 24 10:31:34 varo-VirtualBox kernel: [    0.185969] HugeTLB: registered 2.00 MiB page size, pre-allocated 0 pages
May 24 10:31:34 varo-VirtualBox kernel: [    0.185971] HugeTLB: 28 KiB vmemmap can be freed for a 2.00 MiB page
May 24 10:31:34 varo-VirtualBox kernel: [    0.194043] ACPI: Added _OSI(Module Device)
May 24 10:31:34 varo-VirtualBox kernel: [    0.194044] ACPI: Added _OSI(Processor Device)
May 24 10:31:34 varo-VirtualBox kernel: [    0.194045] ACPI: Added _OSI(3.0 _SCP Extensions)
May 24 10:31:34 varo-VirtualBox kernel: [    0.194045] ACPI: Added _OSI(Processor Aggregator Device)
May 24 10:31:34 varo-VirtualBox kernel: [    0.195521] ACPI: 2 ACPI AML tables successfully acquired and loaded
May 24 10:31:34 varo-VirtualBox kernel: [    0.196619] ACPI: Interpreter enabled
May 24 10:31:34 varo-VirtualBox kernel: [    0.196627] ACPI: PM: (supports S0 S5)
May 24 10:31:34 varo-VirtualBox kernel: [    0.196628] ACPI: Using IOAPIC for interrupt routing
May 24 10:31:34 varo-VirtualBox kernel: [    0.196876] PCI: Using host bridge windows from ACPI; if necessary, use "pci=nocrs" and report a bug
May 24 10:31:34 varo-VirtualBox kernel: [    0.196878] PCI: Using E820 reservations for host bridge windows
May 24 10:31:34 varo-VirtualBox kernel: [    0.196990] ACPI: Enabled 2 GPEs in block 00 to 07
May 24 10:31:34 varo-VirtualBox kernel: [    0.200693] ACPI: PCI Root Bridge [PCI0] (domain 0000 [bus 00-ff])
May 24 10:31:34 varo-VirtualBox kernel: [    0.200698] acpi PNP0A03:00: _OSC: OS supports [ASPM ClockPM Segments MSI EDR HPX-Type3]
May 24 10:31:34 varo-VirtualBox kernel: [    0.200700] acpi PNP0A03:00: _OSC: not requesting OS control; OS requires [ExtendedConfig ASPM ClockPM MSI]
May 24 10:31:34 varo-VirtualBox kernel: [    0.201009] acpi PNP0A03:00: fail to add MMCONFIG information, can't access extended configuration space under this bridge
May 24 10:31:34 varo-VirtualBox kernel: [    0.201315] PCI host bridge to bus 0000:00
May 24 10:31:34 varo-VirtualBox kernel: [    0.201317] pci_bus 0000:00: root bus resource [io  0x0000-0x0cf7 window]
May 24 10:31:34 varo-VirtualBox kernel: [    0.201319] pci_bus 0000:00: root bus resource [io  0x0d00-0xffff window]
May 24 10:31:34 varo-VirtualBox kernel: [    0.201320] pci_bus 0000:00: root bus resource [mem 0x000a0000-0x000bffff window]
May 24 10:31:34 varo-VirtualBox kernel: [    0.201321] pci_bus 0000:00: root bus resource [mem 0xe0000000-0xfdffffff window]
May 24 10:31:34 varo-VirtualBox kernel: [    0.201322] pci_bus 0000:00: root bus resource [bus 00-ff]
May 24 10:31:34 varo-VirtualBox kernel: [    0.201482] pci 0000:00:00.0: [8086:1237] type 00 class 0x060000
May 24 10:31:34 varo-VirtualBox kernel: [    0.201865] pci 0000:00:01.0: [8086:7000] type 00 class 0x060100
May 24 10:31:34 varo-VirtualBox kernel: [    0.202330] pci 0000:00:01.1: [8086:7111] type 00 class 0x01018a
May 24 10:31:34 varo-VirtualBox kernel: [    0.202597] pci 0000:00:01.1: reg 0x20: [io  0xd000-0xd00f]
May 24 10:31:34 varo-VirtualBox kernel: [    0.202712] pci 0000:00:01.1: legacy IDE quirk: reg 0x10: [io  0x01f0-0x01f7]
May 24 10:31:34 varo-VirtualBox kernel: [    0.202713] pci 0000:00:01.1: legacy IDE quirk: reg 0x14: [io  0x03f6]
May 24 10:31:34 varo-VirtualBox kernel: [    0.202714] pci 0000:00:01.1: legacy IDE quirk: reg 0x18: [io  0x0170-0x0177]
May 24 10:31:34 varo-VirtualBox kernel: [    0.202715] pci 0000:00:01.1: legacy IDE quirk: reg 0x1c: [io  0x0376]
May 24 10:31:34 varo-VirtualBox kernel: [    0.202839] pci 0000:00:02.0: [15ad:0405] type 00 class 0x030000
May 24 10:31:34 varo-VirtualBox kernel: [    0.205702] pci 0000:00:02.0: reg 0x10: [io  0xd010-0xd01f]
May 24 10:31:34 varo-VirtualBox kernel: [    0.207018] pci 0000:00:02.0: reg 0x14: [mem 0xe0000000-0xe7ffffff pref]
May 24 10:31:34 varo-VirtualBox kernel: [    0.209927] pci 0000:00:02.0: reg 0x18: [mem 0xf0000000-0xf01fffff]
May 24 10:31:34 varo-VirtualBox kernel: [    0.220524] pci 0000:00:02.0: Video device with shadowed ROM at [mem 0x000c0000-0x000dffff]
May 24 10:31:34 varo-VirtualBox kernel: [    0.220784] pci 0000:00:03.0: [8086:100e] type 00 class 0x020000
May 24 10:31:34 varo-VirtualBox kernel: [    0.222000] pci 0000:00:03.0: reg 0x10: [mem 0xf0200000-0xf021ffff]
May 24 10:31:34 varo-VirtualBox kernel: [    0.225928] pci 0000:00:03.0: reg 0x18: [io  0xd020-0xd027]
May 24 10:31:34 varo-VirtualBox kernel: [    0.230387] pci 0000:00:04.0: [80ee:cafe] type 00 class 0x088000
May 24 10:31:34 varo-VirtualBox kernel: [    0.231441] pci 0000:00:04.0: reg 0x10: [io  0xd040-0xd05f]
May 24 10:31:34 varo-VirtualBox kernel: [    0.232446] pci 0000:00:04.0: reg 0x14: [mem 0xf0400000-0xf07fffff]
May 24 10:31:34 varo-VirtualBox kernel: [    0.233919] pci 0000:00:04.0: reg 0x18: [mem 0xf0800000-0xf0803fff pref]
May 24 10:31:34 varo-VirtualBox kernel: [    0.237911] pci 0000:00:05.0: [8086:2415] type 00 class 0x040100
May 24 10:31:34 varo-VirtualBox kernel: [    0.237944] pci 0000:00:05.0: reg 0x10: [io  0xd100-0xd1ff]
May 24 10:31:34 varo-VirtualBox kernel: [    0.237994] pci 0000:00:05.0: reg 0x14: [io  0xd200-0xd23f]
May 24 10:31:34 varo-VirtualBox kernel: [    0.238372] pci 0000:00:06.0: [106b:003f] type 00 class 0x0c0310
May 24 10:31:34 varo-VirtualBox kernel: [    0.239448] pci 0000:00:06.0: reg 0x10: [mem 0xf0804000-0xf0804fff]
May 24 10:31:34 varo-VirtualBox kernel: [    0.245916] pci 0000:00:07.0: [8086:7113] type 00 class 0x068000
May 24 10:31:34 varo-VirtualBox kernel: [    0.246226] pci 0000:00:07.0: quirk: [io  0x4000-0x403f] claimed by PIIX4 ACPI
May 24 10:31:34 varo-VirtualBox kernel: [    0.246235] pci 0000:00:07.0: quirk: [io  0x4100-0x410f] claimed by PIIX4 SMB
May 24 10:31:34 varo-VirtualBox kernel: [    0.247041] pci 0000:00:0b.0: [8086:265c] type 00 class 0x0c0320
May 24 10:31:34 varo-VirtualBox kernel: [    0.248278] pci 0000:00:0b.0: reg 0x10: [mem 0xf0805000-0xf0805fff]
May 24 10:31:34 varo-VirtualBox kernel: [    0.254528] pci 0000:00:0d.0: [8086:2829] type 00 class 0x010601
May 24 10:31:34 varo-VirtualBox kernel: [    0.255645] pci 0000:00:0d.0: reg 0x10: [io  0xd240-0xd247]
May 24 10:31:34 varo-VirtualBox kernel: [    0.256724] pci 0000:00:0d.0: reg 0x14: [io  0xd248-0xd24b]
May 24 10:31:34 varo-VirtualBox kernel: [    0.257987] pci 0000:00:0d.0: reg 0x18: [io  0xd250-0xd257]
May 24 10:31:34 varo-VirtualBox kernel: [    0.258984] pci 0000:00:0d.0: reg 0x1c: [io  0xd258-0xd25b]
May 24 10:31:34 varo-VirtualBox kernel: [    0.259966] pci 0000:00:0d.0: reg 0x20: [io  0xd260-0xd26f]
May 24 10:31:34 varo-VirtualBox kernel: [    0.260934] pci 0000:00:0d.0: reg 0x24: [mem 0xf0806000-0xf0807fff]
May 24 10:31:34 varo-VirtualBox kernel: [    0.267117] ACPI: PCI: Interrupt link LNKA configured for IRQ 11
May 24 10:31:34 varo-VirtualBox kernel: [    0.267326] ACPI: PCI: Interrupt link LNKB configured for IRQ 10
May 24 10:31:34 varo-VirtualBox kernel: [    0.267406] ACPI: PCI: Interrupt link LNKC configured for IRQ 9
May 24 10:31:34 varo-VirtualBox kernel: [    0.267482] ACPI: PCI: Interrupt link LNKD configured for IRQ 11
May 24 10:31:34 varo-VirtualBox kernel: [    0.267710] iommu: Default domain type: Translated
May 24 10:31:34 varo-VirtualBox kernel: [    0.267710] iommu: DMA domain TLB invalidation policy: lazy mode
May 24 10:31:34 varo-VirtualBox kernel: [    0.267710] SCSI subsystem initialized
May 24 10:31:34 varo-VirtualBox kernel: [    0.267710] libata version 3.00 loaded.
May 24 10:31:34 varo-VirtualBox kernel: [    0.267710] ACPI: bus type USB registered
May 24 10:31:34 varo-VirtualBox kernel: [    0.267710] usbcore: registered new interface driver usbfs
May 24 10:31:34 varo-VirtualBox kernel: [    0.267710] usbcore: registered new interface driver hub
May 24 10:31:34 varo-VirtualBox kernel: [    0.267710] usbcore: registered new device driver usb
May 24 10:31:34 varo-VirtualBox kernel: [    0.267710] pps_core: LinuxPPS API ver. 1 registered
May 24 10:31:34 varo-VirtualBox kernel: [    0.267710] pps_core: Software ver. 5.3.6 - Copyright 2005-2007 Rodolfo Giometti <giometti@linux.it>
May 24 10:31:34 varo-VirtualBox kernel: [    0.267710] PTP clock support registered
May 24 10:31:34 varo-VirtualBox kernel: [    0.267710] EDAC MC: Ver: 3.0.0
May 24 10:31:34 varo-VirtualBox kernel: [    0.267710] NetLabel: Initializing
May 24 10:31:34 varo-VirtualBox kernel: [    0.267710] NetLabel:  domain hash size = 128
May 24 10:31:34 varo-VirtualBox kernel: [    0.267710] NetLabel:  protocols = UNLABELED CIPSOv4 CALIPSO
May 24 10:31:34 varo-VirtualBox kernel: [    0.267710] NetLabel:  unlabeled traffic allowed by default
May 24 10:31:34 varo-VirtualBox kernel: [    0.267710] mctp: management component transport protocol core
May 24 10:31:34 varo-VirtualBox kernel: [    0.267710] NET: Registered PF_MCTP protocol family
May 24 10:31:34 varo-VirtualBox kernel: [    0.267710] PCI: Using ACPI for IRQ routing
May 24 10:31:34 varo-VirtualBox kernel: [    0.267710] PCI: pci_cache_line_size set to 64 bytes
May 24 10:31:34 varo-VirtualBox kernel: [    0.267710] e820: reserve RAM buffer [mem 0x0009fc00-0x0009ffff]
May 24 10:31:34 varo-VirtualBox kernel: [    0.267710] e820: reserve RAM buffer [mem 0xdfff0000-0xdfffffff]
May 24 10:31:34 varo-VirtualBox kernel: [    0.267710] pci 0000:00:02.0: vgaarb: setting as boot VGA device
May 24 10:31:34 varo-VirtualBox kernel: [    0.267710] pci 0000:00:02.0: vgaarb: bridge control possible
May 24 10:31:34 varo-VirtualBox kernel: [    0.267710] pci 0000:00:02.0: vgaarb: VGA device added: decodes=io+mem,owns=io+mem,locks=none
May 24 10:31:34 varo-VirtualBox kernel: [    0.267710] vgaarb: loaded
May 24 10:31:34 varo-VirtualBox kernel: [    0.269976] clocksource: Switched to clocksource kvm-clock
May 24 10:31:34 varo-VirtualBox kernel: [    0.277760] VFS: Disk quotas dquot_6.6.0
May 24 10:31:34 varo-VirtualBox kernel: [    0.277771] VFS: Dquot-cache hash table entries: 512 (order 0, 4096 bytes)
May 24 10:31:34 varo-VirtualBox kernel: [    0.277862] AppArmor: AppArmor Filesystem Enabled
May 24 10:31:34 varo-VirtualBox kernel: [    0.277880] pnp: PnP ACPI init
May 24 10:31:34 varo-VirtualBox kernel: [    0.278531] pnp: PnP ACPI: found 2 devices
May 24 10:31:34 varo-VirtualBox kernel: [    0.286979] clocksource: acpi_pm: mask: 0xffffff max_cycles: 0xffffff, max_idle_ns: 2085701024 ns
May 24 10:31:34 varo-VirtualBox kernel: [    0.287032] NET: Registered PF_INET protocol family
May 24 10:31:34 varo-VirtualBox kernel: [    0.287076] IP idents hash table entries: 65536 (order: 7, 524288 bytes, linear)
May 24 10:31:34 varo-VirtualBox kernel: [    0.287841] tcp_listen_portaddr_hash hash table entries: 2048 (order: 3, 32768 bytes, linear)
May 24 10:31:34 varo-VirtualBox kernel: [    0.287859] Table-perturb hash table entries: 65536 (order: 6, 262144 bytes, linear)
May 24 10:31:34 varo-VirtualBox kernel: [    0.287872] TCP established hash table entries: 32768 (order: 6, 262144 bytes, linear)
May 24 10:31:34 varo-VirtualBox kernel: [    0.287941] TCP bind hash table entries: 32768 (order: 8, 1048576 bytes, linear)
May 24 10:31:34 varo-VirtualBox kernel: [    0.288022] TCP: Hash tables configured (established 32768 bind 32768)
May 24 10:31:34 varo-VirtualBox kernel: [    0.288065] MPTCP token hash table entries: 4096 (order: 4, 98304 bytes, linear)
May 24 10:31:34 varo-VirtualBox kernel: [    0.288077] UDP hash table entries: 2048 (order: 4, 65536 bytes, linear)
May 24 10:31:34 varo-VirtualBox kernel: [    0.288086] UDP-Lite hash table entries: 2048 (order: 4, 65536 bytes, linear)
May 24 10:31:34 varo-VirtualBox kernel: [    0.288111] NET: Registered PF_UNIX/PF_LOCAL protocol family
May 24 10:31:34 varo-VirtualBox kernel: [    0.288117] NET: Registered PF_XDP protocol family
May 24 10:31:34 varo-VirtualBox kernel: [    0.288124] pci_bus 0000:00: resource 4 [io  0x0000-0x0cf7 window]
May 24 10:31:34 varo-VirtualBox kernel: [    0.288127] pci_bus 0000:00: resource 5 [io  0x0d00-0xffff window]
May 24 10:31:34 varo-VirtualBox kernel: [    0.288128] pci_bus 0000:00: resource 6 [mem 0x000a0000-0x000bffff window]
May 24 10:31:34 varo-VirtualBox kernel: [    0.288129] pci_bus 0000:00: resource 7 [mem 0xe0000000-0xfdffffff window]
May 24 10:31:34 varo-VirtualBox kernel: [    0.288159] pci 0000:00:00.0: Limiting direct PCI/PCI transfers
May 24 10:31:34 varo-VirtualBox kernel: [    0.290022] PCI: CLS 0 bytes, default 64
May 24 10:31:34 varo-VirtualBox kernel: [    0.290032] PCI-DMA: Using software bounce buffering for IO (SWIOTLB)
May 24 10:31:34 varo-VirtualBox kernel: [    0.290033] software IO TLB: mapped [mem 0x00000000dbff0000-0x00000000dfff0000] (64MB)
May 24 10:31:34 varo-VirtualBox kernel: [    0.290067] clocksource: tsc: mask: 0xffffffffffffffff max_cycles: 0x29dc0b74fd3, max_idle_ns: 440795242287 ns
May 24 10:31:34 varo-VirtualBox kernel: [    0.290069] Trying to unpack rootfs image as initramfs...
May 24 10:31:34 varo-VirtualBox kernel: [    0.290084] clocksource: Switched to clocksource tsc
May 24 10:31:34 varo-VirtualBox kernel: [    0.290106] platform rtc_cmos: registered platform RTC device (no PNP device found)
May 24 10:31:34 varo-VirtualBox kernel: [    0.290307] Initialise system trusted keyrings
May 24 10:31:34 varo-VirtualBox kernel: [    0.290315] Key type blacklist registered
May 24 10:31:34 varo-VirtualBox kernel: [    0.306129] workingset: timestamp_bits=36 max_order=20 bucket_order=0
May 24 10:31:34 varo-VirtualBox kernel: [    0.306149] zbud: loaded
May 24 10:31:34 varo-VirtualBox kernel: [    0.306502] squashfs: version 4.0 (2009/01/31) Phillip Lougher
May 24 10:31:34 varo-VirtualBox kernel: [    0.306733] fuse: init (API version 7.38)
May 24 10:31:34 varo-VirtualBox kernel: [    0.307031] integrity: Platform Keyring initialized
May 24 10:31:34 varo-VirtualBox kernel: [    0.307033] integrity: Machine keyring initialized
May 24 10:31:34 varo-VirtualBox kernel: [    0.313890] Key type asymmetric registered
May 24 10:31:34 varo-VirtualBox kernel: [    0.313894] Asymmetric key parser 'x509' registered
May 24 10:31:34 varo-VirtualBox kernel: [    0.313918] Block layer SCSI generic (bsg) driver version 0.4 loaded (major 243)
May 24 10:31:34 varo-VirtualBox kernel: [    0.313975] io scheduler mq-deadline registered
May 24 10:31:34 varo-VirtualBox kernel: [    0.314334] shpchp: Standard Hot Plug PCI Controller Driver version: 0.4
May 24 10:31:34 varo-VirtualBox kernel: [    0.314506] ACPI: AC: AC Adapter [AC] (on-line)
May 24 10:31:34 varo-VirtualBox kernel: [    0.314545] input: Power Button as /devices/LNXSYSTM:00/LNXPWRBN:00/input/input0
May 24 10:31:34 varo-VirtualBox kernel: [    0.314612] ACPI: button: Power Button [PWRF]
May 24 10:31:34 varo-VirtualBox kernel: [    0.314635] input: Sleep Button as /devices/LNXSYSTM:00/LNXSLPBN:00/input/input1
May 24 10:31:34 varo-VirtualBox kernel: [    0.314674] ACPI: button: Sleep Button [SLPF]
May 24 10:31:34 varo-VirtualBox kernel: [    0.315075] Serial: 8250/16550 driver, 32 ports, IRQ sharing enabled
May 24 10:31:34 varo-VirtualBox kernel: [    0.319607] Linux agpgart interface v0.103
May 24 10:31:34 varo-VirtualBox kernel: [    0.321008] loop: module loaded
May 24 10:31:34 varo-VirtualBox kernel: [    0.321192] ata_piix 0000:00:01.1: version 2.13
May 24 10:31:34 varo-VirtualBox kernel: [    0.321489] scsi host0: ata_piix
May 24 10:31:34 varo-VirtualBox kernel: [    0.323612] scsi host1: ata_piix
May 24 10:31:34 varo-VirtualBox kernel: [    0.323639] ata1: PATA max UDMA/33 cmd 0x1f0 ctl 0x3f6 bmdma 0xd000 irq 14
May 24 10:31:34 varo-VirtualBox kernel: [    0.323641] ata2: PATA max UDMA/33 cmd 0x170 ctl 0x376 bmdma 0xd008 irq 15
May 24 10:31:34 varo-VirtualBox kernel: [    0.323733] tun: Universal TUN/TAP device driver, 1.6
May 24 10:31:34 varo-VirtualBox kernel: [    0.323937] PPP generic driver version 2.4.2
May 24 10:31:34 varo-VirtualBox kernel: [    0.324463] ohci-pci 0000:00:06.0: OHCI PCI host controller
May 24 10:31:34 varo-VirtualBox kernel: [    0.324469] ohci-pci 0000:00:06.0: new USB bus registered, assigned bus number 1
May 24 10:31:34 varo-VirtualBox kernel: [    0.324520] ohci-pci 0000:00:06.0: irq 22, io mem 0xf0804000
May 24 10:31:34 varo-VirtualBox kernel: [    0.384346] usb usb1: New USB device found, idVendor=1d6b, idProduct=0001, bcdDevice= 6.05
May 24 10:31:34 varo-VirtualBox kernel: [    0.384350] usb usb1: New USB device strings: Mfr=3, Product=2, SerialNumber=1
May 24 10:31:34 varo-VirtualBox kernel: [    0.384352] usb usb1: Product: OHCI PCI host controller
May 24 10:31:34 varo-VirtualBox kernel: [    0.384353] usb usb1: Manufacturer: Linux 6.5.0-35-generic ohci_hcd
May 24 10:31:34 varo-VirtualBox kernel: [    0.384354] usb usb1: SerialNumber: 0000:00:06.0
May 24 10:31:34 varo-VirtualBox kernel: [    0.384576] hub 1-0:1.0: USB hub found
May 24 10:31:34 varo-VirtualBox kernel: [    0.384590] hub 1-0:1.0: 12 ports detected
May 24 10:31:34 varo-VirtualBox kernel: [    0.384938] i8042: PNP: PS/2 Controller [PNP0303:PS2K,PNP0f03:PS2M] at 0x60,0x64 irq 1,12
May 24 10:31:34 varo-VirtualBox kernel: [    0.385198] ehci-pci 0000:00:0b.0: EHCI Host Controller
May 24 10:31:34 varo-VirtualBox kernel: [    0.385202] ehci-pci 0000:00:0b.0: new USB bus registered, assigned bus number 2
May 24 10:31:34 varo-VirtualBox kernel: [    0.385367] ehci-pci 0000:00:0b.0: irq 19, io mem 0xf0805000
May 24 10:31:34 varo-VirtualBox kernel: [    0.385510] serio: i8042 KBD port at 0x60,0x64 irq 1
May 24 10:31:34 varo-VirtualBox kernel: [    0.385514] serio: i8042 AUX port at 0x60,0x64 irq 12
May 24 10:31:34 varo-VirtualBox kernel: [    0.385785] mousedev: PS/2 mouse device common for all mice
May 24 10:31:34 varo-VirtualBox kernel: [    0.386739] input: AT Translated Set 2 keyboard as /devices/platform/i8042/serio0/input/input2
May 24 10:31:34 varo-VirtualBox kernel: [    0.386782] rtc_cmos rtc_cmos: registered as rtc0
May 24 10:31:34 varo-VirtualBox kernel: [    0.386808] rtc_cmos rtc_cmos: setting system clock to 2024-05-24T08:31:25 UTC (1716539485)
May 24 10:31:34 varo-VirtualBox kernel: [    0.386869] rtc_cmos rtc_cmos: alarms up to one day, 114 bytes nvram
May 24 10:31:34 varo-VirtualBox kernel: [    0.386876] i2c_dev: i2c /dev entries driver
May 24 10:31:34 varo-VirtualBox kernel: [    0.386893] device-mapper: core: CONFIG_IMA_DISABLE_HTABLE is disabled. Duplicate IMA measurements will not be recorded in the IMA log.
May 24 10:31:34 varo-VirtualBox kernel: [    0.386905] device-mapper: uevent: version 1.0.3
May 24 10:31:34 varo-VirtualBox kernel: [    0.386967] device-mapper: ioctl: 4.48.0-ioctl (2023-03-01) initialised: dm-devel@redhat.com
May 24 10:31:34 varo-VirtualBox kernel: [    0.386999] platform eisa.0: Probing EISA bus 0
May 24 10:31:34 varo-VirtualBox kernel: [    0.387001] platform eisa.0: EISA: Cannot allocate resource for mainboard
May 24 10:31:34 varo-VirtualBox kernel: [    0.387002] platform eisa.0: Cannot allocate resource for EISA slot 1
May 24 10:31:34 varo-VirtualBox kernel: [    0.387003] platform eisa.0: Cannot allocate resource for EISA slot 2
May 24 10:31:34 varo-VirtualBox kernel: [    0.387004] platform eisa.0: Cannot allocate resource for EISA slot 3
May 24 10:31:34 varo-VirtualBox kernel: [    0.387005] platform eisa.0: Cannot allocate resource for EISA slot 4
May 24 10:31:34 varo-VirtualBox kernel: [    0.387006] platform eisa.0: Cannot allocate resource for EISA slot 5
May 24 10:31:34 varo-VirtualBox kernel: [    0.387007] platform eisa.0: Cannot allocate resource for EISA slot 6
May 24 10:31:34 varo-VirtualBox kernel: [    0.387007] platform eisa.0: Cannot allocate resource for EISA slot 7
May 24 10:31:34 varo-VirtualBox kernel: [    0.387008] platform eisa.0: Cannot allocate resource for EISA slot 8
May 24 10:31:34 varo-VirtualBox kernel: [    0.387009] platform eisa.0: EISA: Detected 0 cards
May 24 10:31:34 varo-VirtualBox kernel: [    0.387011] intel_pstate: CPU model not supported
May 24 10:31:34 varo-VirtualBox kernel: [    0.387256] ledtrig-cpu: registered to indicate activity on CPUs
May 24 10:31:34 varo-VirtualBox kernel: [    0.387297] drop_monitor: Initializing network drop monitor service
May 24 10:31:34 varo-VirtualBox kernel: [    0.399395] NET: Registered PF_INET6 protocol family
May 24 10:31:34 varo-VirtualBox kernel: [    0.399922] ehci-pci 0000:00:0b.0: USB 2.0 started, EHCI 1.00
May 24 10:31:34 varo-VirtualBox kernel: [    0.399966] usb usb2: New USB device found, idVendor=1d6b, idProduct=0002, bcdDevice= 6.05
May 24 10:31:34 varo-VirtualBox kernel: [    0.399968] usb usb2: New USB device strings: Mfr=3, Product=2, SerialNumber=1
May 24 10:31:34 varo-VirtualBox kernel: [    0.399969] usb usb2: Product: EHCI Host Controller
May 24 10:31:34 varo-VirtualBox kernel: [    0.399971] usb usb2: Manufacturer: Linux 6.5.0-35-generic ehci_hcd
May 24 10:31:34 varo-VirtualBox kernel: [    0.399972] usb usb2: SerialNumber: 0000:00:0b.0
May 24 10:31:34 varo-VirtualBox kernel: [    0.400256] hub 2-0:1.0: USB hub found
May 24 10:31:34 varo-VirtualBox kernel: [    0.400261] hub 2-0:1.0: 12 ports detected
May 24 10:31:34 varo-VirtualBox kernel: [    0.497631] ata2.00: ATAPI: VBOX CD-ROM, 1.0, max UDMA/133
May 24 10:31:34 varo-VirtualBox kernel: [    0.498541] scsi 1:0:0:0: CD-ROM            VBOX     CD-ROM           1.0  PQ: 0 ANSI: 5
May 24 10:31:34 varo-VirtualBox kernel: [    0.516825] sr 1:0:0:0: [sr0] scsi3-mmc drive: 32x/32x xa/form2 tray
May 24 10:31:34 varo-VirtualBox kernel: [    0.516830] cdrom: Uniform CD-ROM driver Revision: 3.20
May 24 10:31:34 varo-VirtualBox kernel: [    0.536281] sr 1:0:0:0: Attached scsi CD-ROM sr0
May 24 10:31:34 varo-VirtualBox kernel: [    0.536423] sr 1:0:0:0: Attached scsi generic sg0 type 5
May 24 10:31:34 varo-VirtualBox kernel: [    0.597611] Freeing initrd memory: 68604K
May 24 10:31:34 varo-VirtualBox kernel: [    0.602031] Segment Routing with IPv6
May 24 10:31:34 varo-VirtualBox kernel: [    0.602043] In-situ OAM (IOAM) with IPv6
May 24 10:31:34 varo-VirtualBox kernel: [    0.602067] NET: Registered PF_PACKET protocol family
May 24 10:31:34 varo-VirtualBox kernel: [    0.602113] Key type dns_resolver registered
May 24 10:31:34 varo-VirtualBox kernel: [    0.602354] IPI shorthand broadcast: enabled
May 24 10:31:34 varo-VirtualBox kernel: [    0.603504] sched_clock: Marking stable (594819896, 7491772)->(604511811, -2200143)
May 24 10:31:34 varo-VirtualBox kernel: [    0.603635] registered taskstats version 1
May 24 10:31:34 varo-VirtualBox kernel: [    0.603751] Loading compiled-in X.509 certificates
May 24 10:31:34 varo-VirtualBox kernel: [    0.604257] Loaded X.509 cert 'Build time autogenerated kernel key: 73705a51282eea04e7eb4bef93768faf542bd3c0'
May 24 10:31:34 varo-VirtualBox kernel: [    0.604635] Loaded X.509 cert 'Canonical Ltd. Live Patch Signing: 14df34d1a87cf37625abec039ef2bf521249b969'
May 24 10:31:34 varo-VirtualBox kernel: [    0.604997] Loaded X.509 cert 'Canonical Ltd. Kernel Module Signing: 88f752e560a1e0737e31163a466ad7b70a850c19'
May 24 10:31:34 varo-VirtualBox kernel: [    0.604999] blacklist: Loading compiled-in revocation X.509 certificates
May 24 10:31:34 varo-VirtualBox kernel: [    0.605012] Loaded X.509 cert 'Canonical Ltd. Secure Boot Signing: 61482aa2830d0ab2ad5af10b7250da9033ddcef0'
May 24 10:31:34 varo-VirtualBox kernel: [    0.605024] Loaded X.509 cert 'Canonical Ltd. Secure Boot Signing (2017): 242ade75ac4a15e50d50c84b0d45ff3eae707a03'
May 24 10:31:34 varo-VirtualBox kernel: [    0.605035] Loaded X.509 cert 'Canonical Ltd. Secure Boot Signing (ESM 2018): 365188c1d374d6b07c3c8f240f8ef722433d6a8b'
May 24 10:31:34 varo-VirtualBox kernel: [    0.605047] Loaded X.509 cert 'Canonical Ltd. Secure Boot Signing (2019): c0746fd6c5da3ae827864651ad66ae47fe24b3e8'
May 24 10:31:34 varo-VirtualBox kernel: [    0.605059] Loaded X.509 cert 'Canonical Ltd. Secure Boot Signing (2021 v1): a8d54bbb3825cfb94fa13c9f8a594a195c107b8d'
May 24 10:31:34 varo-VirtualBox kernel: [    0.605070] Loaded X.509 cert 'Canonical Ltd. Secure Boot Signing (2021 v2): 4cf046892d6fd3c9a5b03f98d845f90851dc6a8c'
May 24 10:31:34 varo-VirtualBox kernel: [    0.605080] Loaded X.509 cert 'Canonical Ltd. Secure Boot Signing (2021 v3): 100437bb6de6e469b581e61cd66bce3ef4ed53af'
May 24 10:31:34 varo-VirtualBox kernel: [    0.605090] Loaded X.509 cert 'Canonical Ltd. Secure Boot Signing (Ubuntu Core 2019): c1d57b8f6b743f23ee41f4f7ee292f06eecadfb9'
May 24 10:31:34 varo-VirtualBox kernel: [    0.606371] Key type .fscrypt registered
May 24 10:31:34 varo-VirtualBox kernel: [    0.606372] Key type fscrypt-provisioning registered
May 24 10:31:34 varo-VirtualBox kernel: [    0.608482] Key type encrypted registered
May 24 10:31:34 varo-VirtualBox kernel: [    0.608485] AppArmor: AppArmor sha1 policy hashing enabled
May 24 10:31:34 varo-VirtualBox kernel: [    0.608493] ima: No TPM chip found, activating TPM-bypass!
May 24 10:31:34 varo-VirtualBox kernel: [    0.608494] Loading compiled-in module X.509 certificates
May 24 10:31:34 varo-VirtualBox kernel: [    0.608861] Loaded X.509 cert 'Build time autogenerated kernel key: 73705a51282eea04e7eb4bef93768faf542bd3c0'
May 24 10:31:34 varo-VirtualBox kernel: [    0.608863] ima: Allocated hash algorithm: sha1
May 24 10:31:34 varo-VirtualBox kernel: [    0.608867] ima: No architecture policies found
May 24 10:31:34 varo-VirtualBox kernel: [    0.608876] evm: Initialising EVM extended attributes:
May 24 10:31:34 varo-VirtualBox kernel: [    0.608877] evm: security.selinux
May 24 10:31:34 varo-VirtualBox kernel: [    0.608877] evm: security.SMACK64
May 24 10:31:34 varo-VirtualBox kernel: [    0.608878] evm: security.SMACK64EXEC
May 24 10:31:34 varo-VirtualBox kernel: [    0.608878] evm: security.SMACK64TRANSMUTE
May 24 10:31:34 varo-VirtualBox kernel: [    0.608879] evm: security.SMACK64MMAP
May 24 10:31:34 varo-VirtualBox kernel: [    0.608879] evm: security.apparmor
May 24 10:31:34 varo-VirtualBox kernel: [    0.608880] evm: security.ima
May 24 10:31:34 varo-VirtualBox kernel: [    0.608880] evm: security.capability
May 24 10:31:34 varo-VirtualBox kernel: [    0.608881] evm: HMAC attrs: 0x1
May 24 10:31:34 varo-VirtualBox kernel: [    0.609074] PM:   Magic number: 8:123:524
May 24 10:31:34 varo-VirtualBox kernel: [    0.611645] RAS: Correctable Errors collector initialized.
May 24 10:31:34 varo-VirtualBox kernel: [    0.611689] clk: Disabling unused clocks
May 24 10:31:34 varo-VirtualBox kernel: [    0.612911] Freeing unused decrypted memory: 2036K
May 24 10:31:34 varo-VirtualBox kernel: [    0.613422] Freeing unused kernel image (initmem) memory: 4816K
May 24 10:31:34 varo-VirtualBox kernel: [    0.619960] Write protecting the kernel read-only data: 34816k
May 24 10:31:34 varo-VirtualBox kernel: [    0.620240] Freeing unused kernel image (rodata/data gap) memory: 1144K
May 24 10:31:34 varo-VirtualBox kernel: [    0.663724] x86/mm: Checked W+X mappings: passed, no W+X pages found.
May 24 10:31:34 varo-VirtualBox kernel: [    0.663730] Run /init as init process
May 24 10:31:34 varo-VirtualBox kernel: [    0.663731]   with arguments:
May 24 10:31:34 varo-VirtualBox kernel: [    0.663732]     /init
May 24 10:31:34 varo-VirtualBox kernel: [    0.663733]     splash
May 24 10:31:34 varo-VirtualBox kernel: [    0.663734]   with environment:
May 24 10:31:34 varo-VirtualBox kernel: [    0.663734]     HOME=/
May 24 10:31:34 varo-VirtualBox kernel: [    0.663735]     TERM=linux
May 24 10:31:34 varo-VirtualBox kernel: [    0.663735]     BOOT_IMAGE=/boot/vmlinuz-6.5.0-35-generic
May 24 10:31:34 varo-VirtualBox kernel: [    0.723612] usb 1-1: new full-speed USB device number 2 using ohci-pci
May 24 10:31:34 varo-VirtualBox kernel: [    0.731280] ACPI: video: Video Device [GFX0] (multi-head: yes  rom: no  post: no)
May 24 10:31:34 varo-VirtualBox kernel: [    0.731401] input: Video Bus as /devices/LNXSYSTM:00/LNXSYBUS:00/PNP0A03:00/LNXVIDEO:00/input/input4
May 24 10:31:34 varo-VirtualBox kernel: [    0.739152] piix4_smbus 0000:00:07.0: SMBus Host Controller at 0x4100, revision 0
May 24 10:31:34 varo-VirtualBox kernel: [    0.744099] e1000: Intel(R) PRO/1000 Network Driver
May 24 10:31:34 varo-VirtualBox kernel: [    0.744102] e1000: Copyright (c) 1999-2006 Intel Corporation.
May 24 10:31:34 varo-VirtualBox kernel: [    0.746683] ahci 0000:00:0d.0: version 3.0
May 24 10:31:34 varo-VirtualBox kernel: [    0.747111] ahci 0000:00:0d.0: SSS flag set, parallel bus scan disabled
May 24 10:31:34 varo-VirtualBox kernel: [    0.747218] ahci 0000:00:0d.0: AHCI 0001.0100 32 slots 1 ports 3 Gbps 0x1 impl SATA mode
May 24 10:31:34 varo-VirtualBox kernel: [    0.747221] ahci 0000:00:0d.0: flags: 64bit ncq stag only ccc 
May 24 10:31:34 varo-VirtualBox kernel: [    0.747985] scsi host2: ahci
May 24 10:31:34 varo-VirtualBox kernel: [    0.748026] ata3: SATA max UDMA/133 abar m8192@0xf0806000 port 0xf0806100 irq 21
May 24 10:31:34 varo-VirtualBox kernel: [    0.948663] input: ImExPS/2 Generic Explorer Mouse as /devices/platform/i8042/serio1/input/input5
May 24 10:31:34 varo-VirtualBox kernel: [    1.036539] usb 1-1: New USB device found, idVendor=80ee, idProduct=0021, bcdDevice= 1.00
May 24 10:31:34 varo-VirtualBox kernel: [    1.036545] usb 1-1: New USB device strings: Mfr=1, Product=3, SerialNumber=0
May 24 10:31:34 varo-VirtualBox kernel: [    1.036546] usb 1-1: Product: USB Tablet
May 24 10:31:34 varo-VirtualBox kernel: [    1.036547] usb 1-1: Manufacturer: VirtualBox
May 24 10:31:34 varo-VirtualBox kernel: [    1.044225] hid: raw HID events driver (C) Jiri Kosina
May 24 10:31:34 varo-VirtualBox kernel: [    1.062605] ata3: SATA link up 3.0 Gbps (SStatus 123 SControl 300)
May 24 10:31:34 varo-VirtualBox kernel: [    1.062742] ata3.00: ATA-6: VBOX HARDDISK, 1.0, max UDMA/133
May 24 10:31:34 varo-VirtualBox kernel: [    1.062745] ata3.00: 52428800 sectors, multi 128: LBA48 NCQ (depth 32)
May 24 10:31:34 varo-VirtualBox kernel: [    1.062970] ata3.00: configured for UDMA/133
May 24 10:31:34 varo-VirtualBox kernel: [    1.063701] scsi 2:0:0:0: Direct-Access     ATA      VBOX HARDDISK    1.0  PQ: 0 ANSI: 5
May 24 10:31:34 varo-VirtualBox kernel: [    1.063916] sd 2:0:0:0: [sda] 52428800 512-byte logical blocks: (26.8 GB/25.0 GiB)
May 24 10:31:34 varo-VirtualBox kernel: [    1.063923] sd 2:0:0:0: [sda] Write Protect is off
May 24 10:31:34 varo-VirtualBox kernel: [    1.063925] sd 2:0:0:0: [sda] Mode Sense: 00 3a 00 00
May 24 10:31:34 varo-VirtualBox kernel: [    1.063933] sd 2:0:0:0: [sda] Write cache: enabled, read cache: enabled, doesn't support DPO or FUA
May 24 10:31:34 varo-VirtualBox kernel: [    1.063944] sd 2:0:0:0: [sda] Preferred minimum I/O size 512 bytes
May 24 10:31:34 varo-VirtualBox kernel: [    1.064105] sd 2:0:0:0: Attached scsi generic sg1 type 0
May 24 10:31:34 varo-VirtualBox kernel: [    1.068269]  sda: sda1 sda2 sda3
May 24 10:31:34 varo-VirtualBox kernel: [    1.068357] sd 2:0:0:0: [sda] Attached SCSI disk
May 24 10:31:34 varo-VirtualBox kernel: [    1.083650] usbcore: registered new interface driver usbhid
May 24 10:31:34 varo-VirtualBox kernel: [    1.083654] usbhid: USB HID core driver
May 24 10:31:34 varo-VirtualBox kernel: [    1.085891] input: VirtualBox USB Tablet as /devices/pci0000:00/0000:00:06.0/usb1/1-1/1-1:1.0/0003:80EE:0021.0001/input/input6
May 24 10:31:34 varo-VirtualBox kernel: [    1.086125] hid-generic 0003:80EE:0021.0001: input,hidraw0: USB HID v1.10 Mouse [VirtualBox USB Tablet] on usb-0000:00:06.0-1/input0
May 24 10:31:34 varo-VirtualBox kernel: [    1.124948] e1000 0000:00:03.0 eth0: (PCI:33MHz:32-bit) 08:00:27:f4:ca:db
May 24 10:31:34 varo-VirtualBox kernel: [    1.124956] e1000 0000:00:03.0 eth0: Intel(R) PRO/1000 Network Connection
May 24 10:31:34 varo-VirtualBox kernel: [    1.144261] e1000 0000:00:03.0 enp0s3: renamed from eth0
May 24 10:31:34 varo-VirtualBox kernel: [    1.234593] EXT4-fs (sda3): mounted filesystem fbb3a243-9db7-41c8-a218-95603775e6ba ro with ordered data mode. Quota mode: none.
May 24 10:31:34 varo-VirtualBox kernel: [    1.322298] systemd[1]: Inserted module 'autofs4'
May 24 10:31:34 varo-VirtualBox kernel: [    1.334743] systemd[1]: systemd 249.11-0ubuntu3.12 running in system mode (+PAM +AUDIT +SELINUX +APPARMOR +IMA +SMACK +SECCOMP +GCRYPT +GNUTLS +OPENSSL +ACL +BLKID +CURL +ELFUTILS +FIDO2 +IDN2 -IDN +IPTC +KMOD +LIBCRYPTSETUP +LIBFDISK +PCRE2 -PWQUALITY -P11KIT -QRENCODE +BZIP2 +LZ4 +XZ +ZLIB +ZSTD -XKBCOMMON +UTMP +SYSVINIT default-hierarchy=unified)
May 24 10:31:34 varo-VirtualBox kernel: [    1.334759] systemd[1]: Detected virtualization oracle.
May 24 10:31:34 varo-VirtualBox kernel: [    1.334762] systemd[1]: Detected architecture x86-64.
May 24 10:31:34 varo-VirtualBox kernel: [    1.335084] systemd[1]: Hostname set to <varo-VirtualBox>.
May 24 10:31:34 varo-VirtualBox kernel: [    1.336654] systemd[1]: Initializing machine ID from random generator.
May 24 10:31:34 varo-VirtualBox kernel: [    1.336675] systemd[1]: Installed transient /etc/machine-id file.
May 24 10:31:34 varo-VirtualBox kernel: [    1.353121] systemd[1]: memfd_create() called without MFD_EXEC or MFD_NOEXEC_SEAL set
May 24 10:31:34 varo-VirtualBox kernel: [    1.387714] block sda: the capability attribute has been deprecated.
May 24 10:31:34 varo-VirtualBox kernel: [    1.471086] systemd[1]: Queued start job for default target Graphical Interface.
May 24 10:31:34 varo-VirtualBox kernel: [    1.704816] systemd[1]: Created slice Slice /system/modprobe.
May 24 10:31:34 varo-VirtualBox kernel: [    1.705083] systemd[1]: Created slice Slice /system/systemd-fsck.
May 24 10:31:34 varo-VirtualBox kernel: [    1.705212] systemd[1]: Created slice User and Session Slice.
May 24 10:31:34 varo-VirtualBox kernel: [    1.705263] systemd[1]: Started Forward Password Requests to Wall Directory Watch.
May 24 10:31:34 varo-VirtualBox kernel: [    1.705387] systemd[1]: Set up automount Arbitrary Executable File Formats File System Automount Point.
May 24 10:31:34 varo-VirtualBox kernel: [    1.705435] systemd[1]: Reached target User and Group Name Lookups.
May 24 10:31:34 varo-VirtualBox kernel: [    1.705446] systemd[1]: Reached target Remote File Systems.
May 24 10:31:34 varo-VirtualBox kernel: [    1.705454] systemd[1]: Reached target Slice Units.
May 24 10:31:34 varo-VirtualBox kernel: [    1.705464] systemd[1]: Reached target Mounting snaps.
May 24 10:31:34 varo-VirtualBox kernel: [    1.705483] systemd[1]: Reached target Local Verity Protected Volumes.
May 24 10:31:34 varo-VirtualBox kernel: [    1.705577] systemd[1]: Listening on Syslog Socket.
May 24 10:31:34 varo-VirtualBox kernel: [    1.705690] systemd[1]: Listening on fsck to fsckd communication Socket.
May 24 10:31:34 varo-VirtualBox kernel: [    1.705743] systemd[1]: Listening on initctl Compatibility Named Pipe.
May 24 10:31:34 varo-VirtualBox kernel: [    1.705862] systemd[1]: Listening on Journal Audit Socket.
May 24 10:31:34 varo-VirtualBox kernel: [    1.705921] systemd[1]: Listening on Journal Socket (/dev/log).
May 24 10:31:34 varo-VirtualBox kernel: [    1.706042] systemd[1]: Listening on Journal Socket.
May 24 10:31:34 varo-VirtualBox kernel: [    1.706126] systemd[1]: Listening on udev Control Socket.
May 24 10:31:34 varo-VirtualBox kernel: [    1.706181] systemd[1]: Listening on udev Kernel Socket.
May 24 10:31:34 varo-VirtualBox kernel: [    1.706781] systemd[1]: Mounting Huge Pages File System...
May 24 10:31:34 varo-VirtualBox kernel: [    1.707453] systemd[1]: Mounting POSIX Message Queue File System...
May 24 10:31:34 varo-VirtualBox kernel: [    1.708226] systemd[1]: Mounting Kernel Debug File System...
May 24 10:31:34 varo-VirtualBox kernel: [    1.708956] systemd[1]: Mounting Kernel Trace File System...
May 24 10:31:34 varo-VirtualBox kernel: [    1.710938] systemd[1]: Starting Journal Service...
May 24 10:31:34 varo-VirtualBox kernel: [    1.711896] systemd[1]: Starting Set the console keyboard layout...
May 24 10:31:34 varo-VirtualBox kernel: [    1.712697] systemd[1]: Starting Create List of Static Device Nodes...
May 24 10:31:34 varo-VirtualBox kernel: [    1.713374] systemd[1]: Starting Load Kernel Module configfs...
May 24 10:31:34 varo-VirtualBox kernel: [    1.714081] systemd[1]: Starting Load Kernel Module drm...
May 24 10:31:34 varo-VirtualBox kernel: [    1.714858] systemd[1]: Starting Load Kernel Module efi_pstore...
May 24 10:31:34 varo-VirtualBox kernel: [    1.718742] systemd[1]: Starting Load Kernel Module fuse...
May 24 10:31:34 varo-VirtualBox kernel: [    1.719469] systemd[1]: Condition check resulted in File System Check on Root Device being skipped.
May 24 10:31:34 varo-VirtualBox kernel: [    1.723935] systemd[1]: Starting Load Kernel Modules...
May 24 10:31:34 varo-VirtualBox kernel: [    1.726487] systemd[1]: Starting Remount Root and Kernel File Systems...
May 24 10:31:34 varo-VirtualBox kernel: [    1.727244] systemd[1]: Starting Coldplug All udev Devices...
May 24 10:31:34 varo-VirtualBox kernel: [    1.728469] systemd[1]: Mounted Huge Pages File System.
May 24 10:31:34 varo-VirtualBox kernel: [    1.728547] systemd[1]: Mounted POSIX Message Queue File System.
May 24 10:31:34 varo-VirtualBox kernel: [    1.728609] systemd[1]: Mounted Kernel Debug File System.
May 24 10:31:34 varo-VirtualBox kernel: [    1.728688] systemd[1]: Mounted Kernel Trace File System.
May 24 10:31:34 varo-VirtualBox kernel: [    1.728918] systemd[1]: Finished Create List of Static Device Nodes.
May 24 10:31:34 varo-VirtualBox kernel: [    1.729120] systemd[1]: modprobe@configfs.service: Deactivated successfully.
May 24 10:31:34 varo-VirtualBox kernel: [    1.729307] systemd[1]: Finished Load Kernel Module configfs.
May 24 10:31:34 varo-VirtualBox kernel: [    1.729532] systemd[1]: modprobe@efi_pstore.service: Deactivated successfully.
May 24 10:31:34 varo-VirtualBox kernel: [    1.729706] systemd[1]: Finished Load Kernel Module efi_pstore.
May 24 10:31:34 varo-VirtualBox kernel: [    1.729896] systemd[1]: modprobe@fuse.service: Deactivated successfully.
May 24 10:31:34 varo-VirtualBox kernel: [    1.730050] systemd[1]: Finished Load Kernel Module fuse.
May 24 10:31:34 varo-VirtualBox kernel: [    1.734043] systemd[1]: Mounting FUSE Control File System...
May 24 10:31:34 varo-VirtualBox kernel: [    1.736843] systemd[1]: Mounting Kernel Configuration File System...
May 24 10:31:34 varo-VirtualBox kernel: [    1.754732] systemd[1]: Mounted FUSE Control File System.
May 24 10:31:34 varo-VirtualBox kernel: [    1.754775] systemd[1]: Condition check resulted in VMware vmblock fuse mount being skipped.
May 24 10:31:34 varo-VirtualBox kernel: [    1.756010] systemd[1]: Mounted Kernel Configuration File System.
May 24 10:31:34 varo-VirtualBox kernel: [    1.769803] lp: driver loaded but no devices found
May 24 10:31:34 varo-VirtualBox kernel: [    1.772296] EXT4-fs (sda3): re-mounted fbb3a243-9db7-41c8-a218-95603775e6ba r/w. Quota mode: none.
May 24 10:31:34 varo-VirtualBox kernel: [    1.778239] ACPI: bus type drm_connector registered
May 24 10:31:34 varo-VirtualBox kernel: [    1.779132] systemd[1]: Started Journal Service.
May 24 10:31:34 varo-VirtualBox kernel: [    1.784637] ppdev: user-space parallel port driver
May 24 10:31:34 varo-VirtualBox kernel: [    1.795277] systemd-journald[189]: Received client request to flush runtime journal.
May 24 10:31:34 varo-VirtualBox kernel: [    1.795352] Adding 2744316k swap on /swapfile.  Priority:-2 extents:6 across:2908156k FS
May 24 10:31:34 varo-VirtualBox kernel: [    1.842254] vmwgfx 0000:00:02.0: vgaarb: deactivate vga console
May 24 10:31:34 varo-VirtualBox kernel: [    1.844074] loop0: detected capacity change from 0 to 8
May 24 10:31:34 varo-VirtualBox kernel: [    1.844210] Console: switching to colour dummy device 80x25
May 24 10:31:34 varo-VirtualBox kernel: [    1.844340] loop1: detected capacity change from 0 to 151992
May 24 10:31:34 varo-VirtualBox kernel: [    1.844914] vmwgfx 0000:00:02.0: [drm] FIFO at 0x00000000f0000000 size is 2048 kiB
May 24 10:31:34 varo-VirtualBox kernel: [    1.844928] vmwgfx 0000:00:02.0: [drm] VRAM at 0x00000000e0000000 size is 131072 kiB
May 24 10:31:34 varo-VirtualBox kernel: [    1.844935] vmwgfx 0000:00:02.0: [drm] Running on SVGA version 2.
May 24 10:31:34 varo-VirtualBox kernel: [    1.844939] vmwgfx 0000:00:02.0: [drm] Capabilities: rect copy, cursor, cursor bypass, cursor bypass 2, alpha cursor, extended fifo, pitchlock, irq mask, gmr, traces, gmr2, screen object 2, command buffers, 
May 24 10:31:34 varo-VirtualBox kernel: [    1.844941] vmwgfx 0000:00:02.0: [drm] *ERROR* vmwgfx seems to be running on an unsupported hypervisor.
May 24 10:31:34 varo-VirtualBox kernel: [    1.844945] vmwgfx 0000:00:02.0: [drm] *ERROR* This configuration is likely broken.
May 24 10:31:34 varo-VirtualBox kernel: [    1.844947] vmwgfx 0000:00:02.0: [drm] *ERROR* Please switch to a supported graphics device to avoid problems.
May 24 10:31:34 varo-VirtualBox kernel: [    1.844949] vmwgfx 0000:00:02.0: [drm] DMA map mode: Caching DMA mappings.
May 24 10:31:34 varo-VirtualBox kernel: [    1.844982] vmwgfx 0000:00:02.0: [drm] Legacy memory limits: VRAM = 131072 kB, FIFO = 2048 kB, surface = 393216 kB
May 24 10:31:34 varo-VirtualBox kernel: [    1.844984] vmwgfx 0000:00:02.0: [drm] MOB limits: max mob size = 0 kB, max mob pages = 0
May 24 10:31:34 varo-VirtualBox kernel: [    1.844985] vmwgfx 0000:00:02.0: [drm] Max GMR ids is 8192
May 24 10:31:34 varo-VirtualBox kernel: [    1.844986] vmwgfx 0000:00:02.0: [drm] Max number of GMR pages is 1048576
May 24 10:31:34 varo-VirtualBox kernel: [    1.844987] vmwgfx 0000:00:02.0: [drm] Maximum display memory size is 131072 kiB
May 24 10:31:34 varo-VirtualBox kernel: [    1.845276] vmwgfx 0000:00:02.0: [drm] Screen Object display unit initialized
May 24 10:31:34 varo-VirtualBox kernel: [    1.845519] vmwgfx 0000:00:02.0: [drm] Fifo max 0x00200000 min 0x00001000 cap 0x00000355
May 24 10:31:34 varo-VirtualBox kernel: [    1.845627] vmwgfx 0000:00:02.0: [drm] Using command buffers with DMA pool.
May 24 10:31:34 varo-VirtualBox kernel: [    1.845634] vmwgfx 0000:00:02.0: [drm] Available shader model: Legacy.
May 24 10:31:34 varo-VirtualBox kernel: [    1.846273] loop2: detected capacity change from 0 to 546064
May 24 10:31:34 varo-VirtualBox kernel: [    1.846743] [drm] Initialized vmwgfx 2.20.0 20211206 for 0000:00:02.0 on minor 0
May 24 10:31:34 varo-VirtualBox kernel: [    1.847215] fbcon: vmwgfxdrmfb (fb0) is primary device
May 24 10:31:34 varo-VirtualBox kernel: [    1.847321] Console: switching to colour frame buffer device 160x50
May 24 10:31:34 varo-VirtualBox kernel: [    1.848574] vmwgfx 0000:00:02.0: [drm] fb0: vmwgfxdrmfb frame buffer device
May 24 10:31:34 varo-VirtualBox kernel: [    1.849045] loop3: detected capacity change from 0 to 1017816
May 24 10:31:34 varo-VirtualBox kernel: [    1.854877] loop4: detected capacity change from 0 to 187776
May 24 10:31:34 varo-VirtualBox kernel: [    1.858466] loop5: detected capacity change from 0 to 25240
May 24 10:31:34 varo-VirtualBox kernel: [    1.861778] loop6: detected capacity change from 0 to 82800
May 24 10:31:34 varo-VirtualBox kernel: [    1.863468] loop7: detected capacity change from 0 to 904
May 24 10:31:34 varo-VirtualBox kernel: [    2.051413] vboxguest: host-version: 7.0.14r161095 0x8000000f
May 24 10:31:34 varo-VirtualBox kernel: [    2.053806] vbg_heartbeat_init: Setting up heartbeat to trigger every 2000 milliseconds
May 24 10:31:34 varo-VirtualBox kernel: [    2.055582] input: VirtualBox mouse integration as /devices/pci0000:00/0000:00:04.0/input/input7
May 24 10:31:34 varo-VirtualBox kernel: [    2.121477] RAPL PMU: API unit is 2^-32 Joules, 0 fixed counters, 10737418240 ms ovfl timer
May 24 10:31:34 varo-VirtualBox kernel: [    2.126831] cryptd: max_cpu_qlen set to 1000
May 24 10:31:34 varo-VirtualBox kernel: [    2.133832] AVX2 version of gcm_enc/dec engaged.
May 24 10:31:34 varo-VirtualBox kernel: [    2.134172] AES CTR mode by8 optimization enabled
May 24 10:31:34 varo-VirtualBox kernel: [    2.453207] audit: type=1400 audit(1716539487.564:2): apparmor="STATUS" operation="profile_load" profile="unconfined" name="nvidia_modprobe" pid=333 comm="apparmor_parser"
May 24 10:31:34 varo-VirtualBox kernel: [    2.454568] audit: type=1400 audit(1716539487.564:3): apparmor="STATUS" operation="profile_load" profile="unconfined" name="nvidia_modprobe//kmod" pid=333 comm="apparmor_parser"
May 24 10:31:34 varo-VirtualBox kernel: [    2.458760] audit: type=1400 audit(1716539487.568:4): apparmor="STATUS" operation="profile_load" profile="unconfined" name="lsb_release" pid=332 comm="apparmor_parser"
May 24 10:31:34 varo-VirtualBox kernel: [    2.521145] snd_intel8x0 0000:00:05.0: allow list rate for 1028:0177 is 48000
May 24 10:31:34 varo-VirtualBox kernel: [    2.641467] audit: type=1400 audit(1716539487.752:5): apparmor="STATUS" operation="profile_load" profile="unconfined" name="/usr/lib/NetworkManager/nm-dhcp-client.action" pid=415 comm="apparmor_parser"
May 24 10:31:34 varo-VirtualBox kernel: [    2.642020] audit: type=1400 audit(1716539487.752:6): apparmor="STATUS" operation="profile_load" profile="unconfined" name="/usr/lib/NetworkManager/nm-dhcp-helper" pid=415 comm="apparmor_parser"
May 24 10:31:34 varo-VirtualBox kernel: [    2.642535] audit: type=1400 audit(1716539487.752:7): apparmor="STATUS" operation="profile_load" profile="unconfined" name="/usr/lib/connman/scripts/dhclient-script" pid=415 comm="apparmor_parser"
May 24 10:31:34 varo-VirtualBox kernel: [    2.643475] audit: type=1400 audit(1716539487.752:8): apparmor="STATUS" operation="profile_load" profile="unconfined" name="/{,usr/}sbin/dhclient" pid=415 comm="apparmor_parser"
May 24 10:31:34 varo-VirtualBox kernel: [    2.704406] audit: type=1400 audit(1716539487.816:9): apparmor="STATUS" operation="profile_load" profile="unconfined" name="/usr/bin/man" pid=471 comm="apparmor_parser"
May 24 10:31:34 varo-VirtualBox kernel: [    2.704817] audit: type=1400 audit(1716539487.816:10): apparmor="STATUS" operation="profile_load" profile="unconfined" name="man_filter" pid=471 comm="apparmor_parser"
May 24 10:31:34 varo-VirtualBox kernel: [    7.204652] kauditd_printk_skb: 17 callbacks suppressed
May 24 10:31:34 varo-VirtualBox kernel: [    7.204654] audit: type=1400 audit(1716539492.316:28): apparmor="STATUS" operation="profile_load" profile="unconfined" name="libreoffice-soffice" pid=475 comm="apparmor_parser"
May 24 10:31:34 varo-VirtualBox kernel: [    7.205725] audit: type=1400 audit(1716539492.316:29): apparmor="STATUS" operation="profile_load" profile="unconfined" name="libreoffice-soffice//gpg" pid=475 comm="apparmor_parser"
May 24 10:31:34 varo-VirtualBox kernel: [    7.412872] audit: type=1400 audit(1716539492.524:30): apparmor="STATUS" operation="profile_load" profile="unconfined" name="/snap/snapd/20671/usr/lib/snapd/snap-confine" pid=493 comm="apparmor_parser"
May 24 10:31:34 varo-VirtualBox kernel: [    7.413424] audit: type=1400 audit(1716539492.524:31): apparmor="STATUS" operation="profile_load" profile="unconfined" name="/snap/snapd/20671/usr/lib/snapd/snap-confine//mount-namespace-capture-helper" pid=493 comm="apparmor_parser"
May 24 10:31:34 varo-VirtualBox kernel: [    7.760147] audit: type=1400 audit(1716539492.872:32): apparmor="STATUS" operation="profile_load" profile="unconfined" name="snap-update-ns.firefox" pid=494 comm="apparmor_parser"
May 24 10:31:34 varo-VirtualBox kernel: [    7.917090] audit: type=1400 audit(1716539493.028:33): apparmor="STATUS" operation="profile_load" profile="unconfined" name="snap-update-ns.snap-store" pid=495 comm="apparmor_parser"
May 24 10:31:34 varo-VirtualBox kernel: [    8.029940] audit: type=1400 audit(1716539493.140:34): apparmor="STATUS" operation="profile_load" profile="unconfined" name="snap.firefox.firefox" pid=497 comm="apparmor_parser"
May 24 10:31:34 varo-VirtualBox kernel: [    8.147130] audit: type=1400 audit(1716539493.256:35): apparmor="STATUS" operation="profile_load" profile="unconfined" name="snap.firefox.geckodriver" pid=498 comm="apparmor_parser"
May 24 10:31:34 varo-VirtualBox kernel: [    8.239496] audit: type=1400 audit(1716539493.348:36): apparmor="STATUS" operation="profile_load" profile="unconfined" name="snap.firefox.hook.configure" pid=499 comm="apparmor_parser"
May 24 10:31:34 varo-VirtualBox kernel: [    8.337575] audit: type=1400 audit(1716539493.448:37): apparmor="STATUS" operation="profile_load" profile="unconfined" name="snap.firefox.hook.connect-plug-host-hunspell" pid=500 comm="apparmor_parser"
May 24 10:31:34 varo-VirtualBox avahi-daemon[514]: Successfully dropped root privileges.
May 24 10:31:34 varo-VirtualBox avahi-daemon[514]: avahi-daemon 0.8 starting up.
May 24 10:31:34 varo-VirtualBox dbus-daemon[516]: [system] Successfully activated service 'org.freedesktop.systemd1'
May 24 10:31:34 varo-VirtualBox rsyslogd: imuxsock: Acquired UNIX socket '/run/systemd/journal/syslog' (fd 3) from systemd.  [v8.2112.0]
May 24 10:31:34 varo-VirtualBox rsyslogd: rsyslogd's groupid changed to 111
May 24 10:31:34 varo-VirtualBox rsyslogd: rsyslogd's userid changed to 104
May 24 10:31:34 varo-VirtualBox rsyslogd: [origin software="rsyslogd" swVersion="8.2112.0" x-pid="543" x-info="https://www.rsyslog.com"] start
May 24 10:31:34 varo-VirtualBox udisksd[560]: udisks daemon version 2.9.4 starting
May 24 10:31:34 varo-VirtualBox avahi-daemon[514]: Successfully called chroot().
May 24 10:31:34 varo-VirtualBox avahi-daemon[514]: Successfully dropped remaining capabilities.
May 24 10:31:34 varo-VirtualBox acpid: starting up with netlink and the input layer
May 24 10:31:34 varo-VirtualBox avahi-daemon[514]: No service file found in /etc/avahi/services.
May 24 10:31:34 varo-VirtualBox avahi-daemon[514]: Joining mDNS multicast group on interface lo.IPv6 with address ::1.
May 24 10:31:34 varo-VirtualBox avahi-daemon[514]: New relevant interface lo.IPv6 for mDNS.
May 24 10:31:34 varo-VirtualBox avahi-daemon[514]: Joining mDNS multicast group on interface lo.IPv4 with address 127.0.0.1.
May 24 10:31:34 varo-VirtualBox avahi-daemon[514]: New relevant interface lo.IPv4 for mDNS.
May 24 10:31:34 varo-VirtualBox avahi-daemon[514]: Network interface enumeration completed.
May 24 10:31:34 varo-VirtualBox avahi-daemon[514]: Registering new address record for ::1 on lo.*.
May 24 10:31:34 varo-VirtualBox avahi-daemon[514]: Registering new address record for 127.0.0.1 on lo.IPv4.
May 24 10:31:34 varo-VirtualBox acpid: 8 rules loaded
May 24 10:31:34 varo-VirtualBox acpid: waiting for events: event logging is off
May 24 10:31:34 varo-VirtualBox systemd[1]: Started System Logging Service.
May 24 10:31:34 varo-VirtualBox systemd[1]: gpu-manager.service: Deactivated successfully.
May 24 10:31:34 varo-VirtualBox systemd[1]: Finished Detect the available GPUs and deal with any system changes.
May 24 10:31:34 varo-VirtualBox wpa_supplicant[570]: Successfully initialized wpa_supplicant
May 24 10:31:34 varo-VirtualBox apport[513]:  * Starting automatic crash report generation: apport
May 24 10:31:34 varo-VirtualBox udisksd[560]: failed to load module mdraid: libbd_mdraid.so.2: cannot open shared object file: No such file or directory
May 24 10:31:34 varo-VirtualBox systemd[1]: Started Authorization Manager.
May 24 10:31:34 varo-VirtualBox systemd[1]: Started Network Manager.
May 24 10:31:34 varo-VirtualBox systemd[1]: Started Avahi mDNS/DNS-SD Stack.
May 24 10:31:34 varo-VirtualBox systemd[1]: Started Power Profiles daemon.
May 24 10:31:34 varo-VirtualBox systemd[1]: Started WPA supplicant.
May 24 10:31:34 varo-VirtualBox systemd[1]: Reached target Network.
May 24 10:31:34 varo-VirtualBox apport[513]:    ...done.
May 24 10:31:34 varo-VirtualBox systemd[1]: Starting Modem Manager...
May 24 10:31:34 varo-VirtualBox udisksd[560]: Failed to load the 'mdraid' libblockdev plugin
May 24 10:31:34 varo-VirtualBox systemd[1]: Starting Network Manager Wait Online...
May 24 10:31:34 varo-VirtualBox systemd[1]: Starting CUPS Scheduler...
May 24 10:31:34 varo-VirtualBox systemd[1]: Starting OpenVPN service...
May 24 10:31:34 varo-VirtualBox systemd[1]: Starting Hostname Service...
May 24 10:31:34 varo-VirtualBox systemd[1]: Starting Permit User Sessions...
May 24 10:31:34 varo-VirtualBox snapd-aa-prompt-listener[545]: AA Prompt listener not implemented
May 24 10:31:34 varo-VirtualBox systemd[1]: Started LSB: automatic crash report generation.
May 24 10:31:34 varo-VirtualBox systemd[1]: snapd.aa-prompt-listener.service: Deactivated successfully.
May 24 10:31:34 varo-VirtualBox systemd[1]: grub-common.service: Deactivated successfully.
May 24 10:31:34 varo-VirtualBox systemd[1]: Finished Record successful boot for GRUB.
May 24 10:31:34 varo-VirtualBox systemd[1]: Finished OpenVPN service.
May 24 10:31:34 varo-VirtualBox systemd[1]: Finished Permit User Sessions.
May 24 10:31:34 varo-VirtualBox systemd[1]: Started Switcheroo Control Proxy service.
May 24 10:31:34 varo-VirtualBox systemd[1]: Condition check resulted in Manage Sound Card State (restore and store) being skipped.
May 24 10:31:34 varo-VirtualBox ModemManager[593]: <info>  ModemManager (version 1.20.0) starting in system bus...
May 24 10:31:34 varo-VirtualBox systemd[1]: Starting Save/Restore Sound Card State...
May 24 10:31:34 varo-VirtualBox accounts-daemon[510]: started daemon version 22.07.5
May 24 10:31:34 varo-VirtualBox systemd[1]: Starting GNOME Display Manager...
May 24 10:31:34 varo-VirtualBox systemd[1]: Starting GRUB failed boot detection...
May 24 10:31:34 varo-VirtualBox systemd[1]: Starting Hold until boot process finishes up...
May 24 10:31:34 varo-VirtualBox systemd[1]: Started CUPS Scheduler.
May 24 10:31:34 varo-VirtualBox systemd[1]: e2scrub_reap.service: Deactivated successfully.
May 24 10:31:34 varo-VirtualBox systemd[1]: Finished Remove Stale Online ext4 Metadata Check Snapshots.
May 24 10:31:34 varo-VirtualBox alsactl[650]: /usr/sbin/alsactl: load_state:1689: Cannot open /var/lib/alsa/asound.state for reading: No such file or directory
May 24 10:31:34 varo-VirtualBox alsactl[650]: alsa-lib main.c:1412:(snd_use_case_mgr_open) error: failed to import hw:0 use case configuration -2
May 24 10:31:34 varo-VirtualBox alsactl[650]: Found hardware: "ICH" "Analog Devices AD1980" "AC97a:41445370" "0x1028" "0x0177"
May 24 10:31:34 varo-VirtualBox alsactl[650]: Hardware is initialized using a generic method
May 24 10:31:34 varo-VirtualBox systemd[1]: Finished Save/Restore Sound Card State.
May 24 10:31:34 varo-VirtualBox systemd[1]: Started User Login Management.
May 24 10:31:34 varo-VirtualBox systemd[1]: Started Accounts Service.
May 24 10:31:34 varo-VirtualBox systemd[1]: Reached target Sound Card.
May 24 10:31:34 varo-VirtualBox systemd[1]: Started Unattended Upgrades Shutdown.
May 24 10:31:34 varo-VirtualBox systemd[1]: grub-initrd-fallback.service: Deactivated successfully.
May 24 10:31:34 varo-VirtualBox systemd[1]: Finished GRUB failed boot detection.
May 24 10:31:34 varo-VirtualBox dbus-daemon[516]: [system] Successfully activated service 'org.freedesktop.hostname1'
May 24 10:31:34 varo-VirtualBox systemd[1]: Started Hostname Service.
May 24 10:31:34 varo-VirtualBox systemd[1]: Started GNOME Display Manager.
May 24 10:31:34 varo-VirtualBox systemd[1]: Started Disk Manager.
May 24 10:31:34 varo-VirtualBox udisksd[560]: Acquired the name org.freedesktop.UDisks2 on the system message bus
May 24 10:31:34 varo-VirtualBox NetworkManager[518]: <info>  [1716539494.7798] hostname: hostname: using hostnamed
May 24 10:31:34 varo-VirtualBox NetworkManager[518]: <info>  [1716539494.7799] hostname: static hostname changed from (none) to "varo-VirtualBox"
May 24 10:31:34 varo-VirtualBox NetworkManager[518]: <info>  [1716539494.7807] dns-mgr[0x5d7bba3c12a0]: init: dns=systemd-resolved rc-manager=unmanaged (auto), plugin=systemd-resolved
May 24 10:31:34 varo-VirtualBox NetworkManager[518]: <info>  [1716539494.7813] manager[0x5d7bba3e4000]: rfkill: Wi-Fi hardware radio set enabled
May 24 10:31:34 varo-VirtualBox NetworkManager[518]: <info>  [1716539494.7813] manager[0x5d7bba3e4000]: rfkill: WWAN hardware radio set enabled
May 24 10:31:34 varo-VirtualBox NetworkManager[518]: <info>  [1716539494.7838] Loaded device plugin: NMWifiFactory (/usr/lib/x86_64-linux-gnu/NetworkManager/1.36.6/libnm-device-plugin-wifi.so)
May 24 10:31:34 varo-VirtualBox NetworkManager[518]: <info>  [1716539494.7864] Loaded device plugin: NMTeamFactory (/usr/lib/x86_64-linux-gnu/NetworkManager/1.36.6/libnm-device-plugin-team.so)
May 24 10:31:34 varo-VirtualBox NetworkManager[518]: <info>  [1716539494.7872] Loaded device plugin: NMAtmManager (/usr/lib/x86_64-linux-gnu/NetworkManager/1.36.6/libnm-device-plugin-adsl.so)
May 24 10:31:34 varo-VirtualBox NetworkManager[518]: <info>  [1716539494.7892] Loaded device plugin: NMWwanFactory (/usr/lib/x86_64-linux-gnu/NetworkManager/1.36.6/libnm-device-plugin-wwan.so)
May 24 10:31:34 varo-VirtualBox NetworkManager[518]: <info>  [1716539494.7915] Loaded device plugin: NMBluezManager (/usr/lib/x86_64-linux-gnu/NetworkManager/1.36.6/libnm-device-plugin-bluetooth.so)
May 24 10:31:34 varo-VirtualBox NetworkManager[518]: <info>  [1716539494.7917] manager: rfkill: Wi-Fi enabled by radio killswitch; enabled by state file
May 24 10:31:34 varo-VirtualBox NetworkManager[518]: <info>  [1716539494.7918] manager: rfkill: WWAN enabled by radio killswitch; enabled by state file
May 24 10:31:34 varo-VirtualBox NetworkManager[518]: <info>  [1716539494.7918] manager: Networking is enabled by state file
May 24 10:31:34 varo-VirtualBox NetworkManager[518]: <info>  [1716539494.7930] settings: Loaded settings plugin: ifupdown ("/usr/lib/x86_64-linux-gnu/NetworkManager/1.36.6/libnm-settings-plugin-ifupdown.so")
May 24 10:31:34 varo-VirtualBox NetworkManager[518]: <info>  [1716539494.7931] settings: Loaded settings plugin: keyfile (internal)
May 24 10:31:34 varo-VirtualBox NetworkManager[518]: <info>  [1716539494.7931] ifupdown: management mode: unmanaged
